Archive member included to satisfy reference by file (symbol)

C:/devkitPro/libgba/lib\libgba.a(interrupt.o)
                              template.o (irqInit)
C:/devkitPro/libgba/lib\libgba.a(console.o)
                              template.o (consoleDemoInit)
C:/devkitPro/libgba/lib\libgba.a(InterruptDispatcher.o)
                              C:/devkitPro/libgba/lib\libgba.a(interrupt.o) (IntrMain)
C:/devkitPro/libgba/lib\libgba.a(amiga.fnt.o)
                              C:/devkitPro/libgba/lib\libgba.a(console.o) (amiga_fnt_size)
C:/devkitPro/libgba/lib\libgba.a(CpuSet.o)
                              C:/devkitPro/libgba/lib\libgba.a(console.o) (CpuFastSet)
c:/devkitpro/devkitarm/bin/../lib/gcc/arm-none-eabi/10.1.0/../../../../arm-none-eabi/lib/thumb\libg.a(lib_a-init.o)
                              c:/devkitpro/devkitarm/bin/../lib/gcc/arm-none-eabi/10.1.0/../../../../arm-none-eabi/lib/thumb/gba_crt0.o (__libc_init_array)
c:/devkitpro/devkitarm/bin/../lib/gcc/arm-none-eabi/10.1.0/../../../../arm-none-eabi/lib/thumb\libg.a(lib_a-puts.o)
                              template.o (puts)
c:/devkitpro/devkitarm/bin/../lib/gcc/arm-none-eabi/10.1.0/../../../../arm-none-eabi/lib/thumb\libg.a(lib_a-setvbuf.o)
                              C:/devkitPro/libgba/lib\libgba.a(console.o) (setvbuf)
c:/devkitpro/devkitarm/bin/../lib/gcc/arm-none-eabi/10.1.0/../../../../arm-none-eabi/lib/thumb\libg.a(lib_a-siscanf.o)
                              C:/devkitPro/libgba/lib\libgba.a(console.o) (siscanf)
c:/devkitpro/devkitarm/bin/../lib/gcc/arm-none-eabi/10.1.0/../../../../arm-none-eabi/lib/thumb\libg.a(lib_a-stdio.o)
                              c:/devkitpro/devkitarm/bin/../lib/gcc/arm-none-eabi/10.1.0/../../../../arm-none-eabi/lib/thumb\libg.a(lib_a-siscanf.o) (__seofread)
c:/devkitpro/devkitarm/bin/../lib/gcc/arm-none-eabi/10.1.0/../../../../arm-none-eabi/lib/thumb\libg.a(lib_a-strlen-stub.o)
                              c:/devkitpro/devkitarm/bin/../lib/gcc/arm-none-eabi/10.1.0/../../../../arm-none-eabi/lib/thumb\libg.a(lib_a-puts.o) (strlen)
c:/devkitpro/devkitarm/bin/../lib/gcc/arm-none-eabi/10.1.0/../../../../arm-none-eabi/lib/thumb\libg.a(lib_a-svfiscanf.o)
                              c:/devkitpro/devkitarm/bin/../lib/gcc/arm-none-eabi/10.1.0/../../../../arm-none-eabi/lib/thumb\libg.a(lib_a-siscanf.o) (__ssvfiscanf_r)
c:/devkitpro/devkitarm/bin/../lib/gcc/arm-none-eabi/10.1.0/../../../../arm-none-eabi/lib/thumb\libg.a(lib_a-ungetc.o)
                              c:/devkitpro/devkitarm/bin/../lib/gcc/arm-none-eabi/10.1.0/../../../../arm-none-eabi/lib/thumb\libg.a(lib_a-svfiscanf.o) (__submore)
c:/devkitpro/devkitarm/bin/../lib/gcc/arm-none-eabi/10.1.0/../../../../arm-none-eabi/lib/thumb\libg.a(lib_a-ctype_.o)
                              c:/devkitpro/devkitarm/bin/../lib/gcc/arm-none-eabi/10.1.0/../../../../arm-none-eabi/lib/thumb\libg.a(lib_a-svfiscanf.o) (_ctype_)
c:/devkitpro/devkitarm/bin/../lib/gcc/arm-none-eabi/10.1.0/../../../../arm-none-eabi/lib/thumb\libg.a(lib_a-fflush.o)
                              c:/devkitpro/devkitarm/bin/../lib/gcc/arm-none-eabi/10.1.0/../../../../arm-none-eabi/lib/thumb\libg.a(lib_a-setvbuf.o) (_fflush_r)
c:/devkitpro/devkitarm/bin/../lib/gcc/arm-none-eabi/10.1.0/../../../../arm-none-eabi/lib/thumb\libg.a(lib_a-findfp.o)
                              c:/devkitpro/devkitarm/bin/../lib/gcc/arm-none-eabi/10.1.0/../../../../arm-none-eabi/lib/thumb\libg.a(lib_a-puts.o) (__sinit)
c:/devkitpro/devkitarm/bin/../lib/gcc/arm-none-eabi/10.1.0/../../../../arm-none-eabi/lib/thumb\libg.a(lib_a-freer.o)
                              c:/devkitpro/devkitarm/bin/../lib/gcc/arm-none-eabi/10.1.0/../../../../arm-none-eabi/lib/thumb\libg.a(lib_a-setvbuf.o) (_free_r)
c:/devkitpro/devkitarm/bin/../lib/gcc/arm-none-eabi/10.1.0/../../../../arm-none-eabi/lib/thumb\libg.a(lib_a-fvwrite.o)
                              c:/devkitpro/devkitarm/bin/../lib/gcc/arm-none-eabi/10.1.0/../../../../arm-none-eabi/lib/thumb\libg.a(lib_a-puts.o) (__sfvwrite_r)
c:/devkitpro/devkitarm/bin/../lib/gcc/arm-none-eabi/10.1.0/../../../../arm-none-eabi/lib/thumb\libg.a(lib_a-fwalk.o)
                              c:/devkitpro/devkitarm/bin/../lib/gcc/arm-none-eabi/10.1.0/../../../../arm-none-eabi/lib/thumb\libg.a(lib_a-findfp.o) (_fwalk)
c:/devkitpro/devkitarm/bin/../lib/gcc/arm-none-eabi/10.1.0/../../../../arm-none-eabi/lib/thumb\libg.a(lib_a-impure.o)
                              c:/devkitpro/devkitarm/bin/../lib/gcc/arm-none-eabi/10.1.0/../../../../arm-none-eabi/lib/thumb\libg.a(lib_a-fflush.o) (_global_impure_ptr)
c:/devkitpro/devkitarm/bin/../lib/gcc/arm-none-eabi/10.1.0/../../../../arm-none-eabi/lib/thumb\libg.a(lib_a-iswspace.o)
                              c:/devkitpro/devkitarm/bin/../lib/gcc/arm-none-eabi/10.1.0/../../../../arm-none-eabi/lib/thumb\libg.a(lib_a-svfiscanf.o) (iswspace)
c:/devkitpro/devkitarm/bin/../lib/gcc/arm-none-eabi/10.1.0/../../../../arm-none-eabi/lib/thumb\libg.a(lib_a-locale.o)
[...]
Memory Configuration

Name             Origin             Length             Attributes
rom              0x0000000008000000 0x0000000002000000
iwram            0x0000000003000000 0x0000000000008000
ewram            0x0000000002000000 0x0000000000040000
*default*        0x0000000000000000 0xffffffffffffffff

Linker script and memory map

                0x0000000008000000                __text_start = ORIGIN (rom)
                0x0000000002040000                __eheap_end = (ORIGIN (ewram) + LENGTH (ewram))
                0x0000000003000000                __iwram_start = ORIGIN (iwram)
                0x0000000003008000                __iwram_top = (ORIGIN (iwram) + LENGTH (iwram))
                0x0000000003007fa0                __sp_irq = (__iwram_top - 0x60)
                0x0000000003007f00                __sp_usr = (__sp_irq - 0xa0)
                0x0000000003007ff8                __irq_flags = 0x3007ff8
                0x0000000008000000                . = __text_start

.crt0           0x0000000008000000      0x210
 *(.crt0)
 .crt0          0x0000000008000000      0x210 c:/devkitpro/devkitarm/bin/../lib/gcc/arm-none-eabi/10.1.0/../../../../arm-none-eabi/lib/thumb/gba_crt0.o
                0x0000000008000000                _start
                0x00000000080000c4                __boot_method
                0x00000000080000c5                __slave_number
                0x00000000080000e0                start_vector
                0x0000000008000210                . = ALIGN (0x4)

.init           0x0000000008000210        0xc
 *(SORT_NONE(.init))
 .init          0x0000000008000210        0x4 c:/devkitpro/devkitarm/bin/../lib/gcc/arm-none-eabi/10.1.0/thumb/crti.o
                0x0000000008000210                _init
 .init          0x0000000008000214        0x8 c:/devkitpro/devkitarm/bin/../lib/gcc/arm-none-eabi/10.1.0/thumb/crtn.o

.plt            0x000000000800021c        0x0
 *(.plt)
                0x000000000800021c                . = ALIGN (0x4)

.text           0x0000000008000220     0x5cb0
 *(EXCLUDE_FILE(*.iwram*) .text*)
 .text.deregister_tm_clones
                0x0000000008000220       0x2c c:/devkitpro/devkitarm/bin/../lib/gcc/arm-none-eabi/10.1.0/thumb/crtbegin.o
 .text.register_tm_clones
                0x000000000800024c       0x34 c:/devkitpro/devkitarm/bin/../lib/gcc/arm-none-eabi/10.1.0/thumb/crtbegin.o
 .text.__do_global_dtors_aux
                0x0000000008000280       0x30 c:/devkitpro/devkitarm/bin/../lib/gcc/arm-none-eabi/10.1.0/thumb/crtbegin.o
 .text.frame_dummy
                0x00000000080002b0       0x28 c:/devkitpro/devkitarm/bin/../lib/gcc/arm-none-eabi/10.1.0/thumb/crtbegin.o
 .text.startup  0x00000000080002d8       0x20 template.o
                0x00000000080002d8                main
 .text          0x00000000080002f8      0x3b8 C:/devkitPro/libgba/lib\libgba.a(interrupt.o)
                0x00000000080002f8                dummy
                0x00000000080002fc                InitInterrupt
                0x0000000008000358                irqInit
                0x00000000080003b4                SetInterrupt
                0x0000000008000498                irqSet
                0x000000000800057c                EnableInterrupt
                0x00000000080005c8                irqEnable
                0x0000000008000618                DisableInterrupt
                0x0000000008000664                irqDisable
 .text          0x00000000080006b0      0x5ac C:/devkitPro/libgba/lib\libgba.a(console.o)
                0x00000000080006b0                con_read
                0x00000000080006b8                con_close
                0x00000000080006c0                con_open
                0x00000000080006d0                con_write
                0x0000000008000918                consoleCls
                0x0000000008000948                upcvt_4bit
                0x000000000800099c                consoleInit
                0x0000000008000a98                consoleDemoInit
                0x0000000008000b98                consolePrintChar
 .text          0x0000000008000c5c        0x8 C:/devkitPro/libgba/lib\libgba.a(CpuSet.o)
                0x0000000008000c5c                CpuSet
                0x0000000008000c60                CpuFastSet
 .text.__libc_init_array
                0x0000000008000c64       0x50 c:/devkitpro/devkitarm/bin/../lib/gcc/arm-none-eabi/10.1.0/../../../../arm-none-eabi/lib/thumb\libg.a(lib_a-init.o)
                0x0000000008000c64                __libc_init_array
 .text._puts_r  0x0000000008000cb4       0x80 c:/devkitpro/devkitarm/bin/../lib/gcc/arm-none-eabi/10.1.0/../../../../arm-none-eabi/lib/thumb\libg.a(lib_a-puts.o)
                0x0000000008000cb4                _puts_r
 .text.puts     0x0000000008000d34       0x14 c:/devkitpro/devkitarm/bin/../lib/gcc/arm-none-eabi/10.1.0/../../../../arm-none-eabi/lib/thumb\libg.a(lib_a-puts.o)
                0x0000000008000d34                puts
 .text.setvbuf  0x0000000008000d48      0x1ac c:/devkitpro/devkitarm/bin/../lib/gcc/arm-none-eabi/10.1.0/../../../../arm-none-eabi/lib/thumb\libg.a(lib_a-setvbuf.o)
                0x0000000008000d48                setvbuf
 .text.siscanf  0x0000000008000ef4       0x4c c:/devkitpro/devkitarm/bin/../lib/gcc/arm-none-eabi/10.1.0/../../../../arm-none-eabi/lib/thumb\libg.a(lib_a-siscanf.o)
                0x0000000008000ef4                siscanf
 .text.__sread  0x0000000008000f40       0x34 c:/devkitpro/devkitarm/bin/../lib/gcc/arm-none-eabi/10.1.0/../../../../arm-none-eabi/lib/thumb\libg.a(lib_a-stdio.o)
                0x0000000008000f40                __sread
 .text.__seofread
                0x0000000008000f74        0x4 c:/devkitpro/devkitarm/bin/../lib/gcc/arm-none-eabi/10.1.0/../../../../arm-none-eabi/lib/thumb\libg.a(lib_a-stdio.o)
                0x0000000008000f74                __seofread
 .text.__swrite
                0x0000000008000f78       0x54 c:/devkitpro/devkitarm/bin/../lib/gcc/arm-none-eabi/10.1.0/../../../../arm-none-eabi/lib/thumb\libg.a(lib_a-stdio.o)
                0x0000000008000f78                __swrite
 .text.__sseek  0x0000000008000fcc       0x40 c:/devkitpro/devkitarm/bin/../lib/gcc/arm-none-eabi/10.1.0/../../../../arm-none-eabi/lib/thumb\libg.a(lib_a-stdio.o)
                0x0000000008000fcc                __sseek
 .text.__sclose
                0x000000000800100c       0x10 c:/devkitpro/devkitarm/bin/../lib/gcc/arm-none-eabi/10.1.0/../../../../arm-none-eabi/lib/thumb\libg.a(lib_a-stdio.o)
                0x000000000800100c                __sclose
 .text.strlen   0x000000000800101c       0x60 c:/devkitpro/devkitarm/bin/../lib/gcc/arm-none-eabi/10.1.0/../../../../arm-none-eabi/lib/thumb\libg.a(lib_a-strlen-stub.o)
                0x000000000800101c                strlen
 .text.get_arg  0x000000000800107c       0x32 c:/devkitpro/devkitarm/bin/../lib/gcc/arm-none-eabi/10.1.0/../../../../arm-none-eabi/lib/thumb\libg.a(lib_a-svfiscanf.o)
 .text._sungetc_r
                0x00000000080010ae       0x7e c:/devkitpro/devkitarm/bin/../lib/gcc/arm-none-eabi/10.1.0/../../../../arm-none-eabi/lib/thumb\libg.a(lib_a-svfiscanf.o)
                0x00000000080010ae                _sungetc_r
 .text.__ssrefill_r
                0x000000000800112c       0x42 c:/devkitpro/devkitarm/bin/../lib/gcc/arm-none-eabi/10.1.0/../../../../arm-none-eabi/lib/thumb\libg.a(lib_a-svfiscanf.o)
                0x000000000800112c                __ssrefill_r
 .text._sfread_r
                0x000000000800116e       0x8a c:/devkitpro/devkitarm/bin/../lib/gcc/arm-none-eabi/10.1.0/../../../../arm-none-eabi/lib/thumb\libg.a(lib_a-svfiscanf.o)
                0x000000000800116e                _sfread_r
 .text.__ssvfiscanf_r
                0x00000000080011f8     0x1b6c c:/devkitpro/devkitarm/bin/../lib/gcc/arm-none-eabi/10.1.0/../../../../arm-none-eabi/lib/thumb\libg.a(lib_a-svfiscanf.o)
                0x00000000080011f8                __ssvfiscanf_r
 .text.__submore
                0x0000000008002d64       0x88 c:/devkitpro/devkitarm/bin/../lib/gcc/arm-none-eabi/10.1.0/../../../../arm-none-eabi/lib/thumb\libg.a(lib_a-ungetc.o)
                0x0000000008002d64                __submore
 .text.__sflush_r
                0x0000000008002dec      0x1c0 c:/devkitpro/devkitarm/bin/../lib/gcc/arm-none-eabi/10.1.0/../../../../arm-none-eabi/lib/thumb\libg.a(lib_a-fflush.o)
                0x0000000008002dec                __sflush_r
 .text._fflush_r
                0x0000000008002fac       0x70 c:/devkitpro/devkitarm/bin/../lib/gcc/arm-none-eabi/10.1.0/../../../../arm-none-eabi/lib/thumb\libg.a(lib_a-fflush.o)
                0x0000000008002fac                _fflush_r
 .text._cleanup_r
                0x000000000800301c       0x14 c:/devkitpro/devkitarm/bin/../lib/gcc/arm-none-eabi/10.1.0/../../../../arm-none-eabi/lib/thumb\libg.a(lib_a-findfp.o)
                0x000000000800301c                _cleanup_r
 .text.__sinit  0x0000000008003030      0x124 c:/devkitpro/devkitarm/bin/../lib/gcc/arm-none-eabi/10.1.0/../../../../arm-none-eabi/lib/thumb\libg.a(lib_a-findfp.o)
                0x0000000008003030                __sinit
 .text.__sfp_lock_acquire
                0x0000000008003154       0x14 c:/devkitpro/devkitarm/bin/../lib/gcc/arm-none-eabi/10.1.0/../../../../arm-none-eabi/lib/thumb\libg.a(lib_a-findfp.o)
                0x0000000008003154                __sfp_lock_acquire
 .text.__sfp_lock_release
                0x0000000008003168       0x14 c:/devkitpro/devkitarm/bin/../lib/gcc/arm-none-eabi/10.1.0/../../../../arm-none-eabi/lib/thumb\libg.a(lib_a-findfp.o)
                0x0000000008003168                __sfp_lock_release
 .text._malloc_trim_r
                0x000000000800317c       0xa0 c:/devkitpro/devkitarm/bin/../lib/gcc/arm-none-eabi/10.1.0/../../../../arm-none-eabi/lib/thumb\libg.a(lib_a-freer.o)
                0x000000000800317c                _malloc_trim_r
 .text._free_r  0x000000000800321c      0x1e0 c:/devkitpro/devkitarm/bin/../lib/gcc/arm-none-eabi/10.1.0/../../../../arm-none-eabi/lib/thumb\libg.a(lib_a-freer.o)
                0x000000000800321c                _free_r
 .text.__sfvwrite_r
                0x00000000080033fc      0x324 c:/devkitpro/devkitarm/bin/../lib/gcc/arm-none-eabi/10.1.0/../../../../arm-none-eabi/lib/thumb\libg.a(lib_a-fvwrite.o)
                0x00000000080033fc                __sfvwrite_r
 .text._fwalk_reent
                0x0000000008003720       0x50 c:/devkitpro/devkitarm/bin/../lib/gcc/arm-none-eabi/10.1.0/../../../../arm-none-eabi/lib/thumb\libg.a(lib_a-fwalk.o)
                0x0000000008003720                _fwalk_reent
 .text.iswspace
                0x0000000008003770       0x10 c:/devkitpro/devkitarm/bin/../lib/gcc/arm-none-eabi/10.1.0/../../../../arm-none-eabi/lib/thumb\libg.a(lib_a-iswspace.o)
                0x0000000008003770                iswspace
 .text.__locale_mb_cur_max
                0x0000000008003780       0x10 c:/devkitpro/devkitarm/bin/../lib/gcc/arm-none-eabi/10.1.0/../../../../arm-none-eabi/lib/thumb\libg.a(lib_a-locale.o)
                0x0000000008003780                __locale_mb_cur_max
 .text.__smakebuf_r
                0x0000000008003790       0xec c:/devkitpro/devkitarm/bin/../lib/gcc/arm-none-eabi/10.1.0/../../../../arm-none-eabi/lib/thumb\libg.a(lib_a-makebuf.o)
                0x0000000008003790                __smakebuf_r
 .text.__swhatbuf_r
                0x000000000800387c       0x64 c:/devkitpro/devkitarm/bin/../lib/gcc/arm-none-eabi/10.1.0/../../../../arm-none-eabi/lib/thumb\libg.a(lib_a-makebuf.o)
                0x000000000800387c                __swhatbuf_r
 .text.malloc   0x00000000080038e0       0x14 c:/devkitpro/devkitarm/bin/../lib/gcc/arm-none-eabi/10.1.0/../../../../arm-none-eabi/lib/thumb\libg.a(lib_a-malloc.o)
                0x00000000080038e0                malloc
 .text.free     0x00000000080038f4       0x14 c:/devkitpro/devkitarm/bin/../lib/gcc/arm-none-eabi/10.1.0/../../../../arm-none-eabi/lib/thumb\libg.a(lib_a-malloc.o)
                0x00000000080038f4                free
 .text._malloc_r
                0x0000000008003908      0x59c c:/devkitpro/devkitarm/bin/../lib/gcc/arm-none-eabi/10.1.0/../../../../arm-none-eabi/lib/thumb\libg.a(lib_a-mallocr.o)
                0x0000000008003908                _malloc_r
 .text._mbrtowc_r
                0x0000000008003ea4       0x60 c:/devkitpro/devkitarm/bin/../lib/gcc/arm-none-eabi/10.1.0/../../../../arm-none-eabi/lib/thumb\libg.a(lib_a-mbrtowc.o)
                0x0000000008003ea4                _mbrtowc_r
 .text.__utf8_mbtowc
                0x0000000008003f04      0x280 c:/devkitpro/devkitarm/bin/../lib/gcc/arm-none-eabi/10.1.0/../../../../arm-none-eabi/lib/thumb\libg.a(lib_a-mbtowc_r.o)
                0x0000000008003f04                __utf8_mbtowc
 .text.memchr   0x0000000008004184       0x78 c:/devkitpro/devkitarm/bin/../lib/gcc/arm-none-eabi/10.1.0/../../../../arm-none-eabi/lib/thumb\libg.a(lib_a-memchr-stub.o)
                0x0000000008004184                memchr
 .text.memcpy   0x00000000080041fc       0xa8 c:/devkitpro/devkitarm/bin/../lib/gcc/arm-none-eabi/10.1.0/../../../../arm-none-eabi/lib/thumb\libg.a(lib_a-memcpy-stub.o)
                0x00000000080041fc                memcpy
 .text.memmove  0x00000000080042a4       0xbc c:/devkitpro/devkitarm/bin/../lib/gcc/arm-none-eabi/10.1.0/../../../../arm-none-eabi/lib/thumb\libg.a(lib_a-memmove.o)
                0x00000000080042a4                memmove
 .text.memset   0x0000000008004360       0xb0 c:/devkitpro/devkitarm/bin/../lib/gcc/arm-none-eabi/10.1.0/../../../../arm-none-eabi/lib/thumb\libg.a(lib_a-memset.o)
                0x0000000008004360                memset
 .text.__malloc_lock
                0x0000000008004410       0x14 c:/devkitpro/devkitarm/bin/../lib/gcc/arm-none-eabi/10.1.0/../../../../arm-none-eabi/lib/thumb\libg.a(lib_a-mlock.o)
                0x0000000008004410                __malloc_lock
 .text.__malloc_unlock
                0x0000000008004424       0x14 c:/devkitpro/devkitarm/bin/../lib/gcc/arm-none-eabi/10.1.0/../../../../arm-none-eabi/lib/thumb\libg.a(lib_a-mlock.o)
                0x0000000008004424                __malloc_unlock
 .text.realloc  0x0000000008004438       0x18 c:/devkitpro/devkitarm/bin/../lib/gcc/arm-none-eabi/10.1.0/../../../../arm-none-eabi/lib/thumb\libg.a(lib_a-realloc.o)
                0x0000000008004438                realloc
 .text._realloc_r
                0x0000000008004450      0x38c c:/devkitpro/devkitarm/bin/../lib/gcc/arm-none-eabi/10.1.0/../../../../arm-none-eabi/lib/thumb\libg.a(lib_a-reallocr.o)
                0x0000000008004450                _realloc_r
 .text.__sccl   0x00000000080047dc       0x90 c:/devkitpro/devkitarm/bin/../lib/gcc/arm-none-eabi/10.1.0/../../../../arm-none-eabi/lib/thumb\libg.a(lib_a-sccl.o)
                0x00000000080047dc                __sccl
 .text          0x000000000800486c      0x224 c:/devkitpro/devkitarm/bin/../lib/gcc/arm-none-eabi/10.1.0/../../../../arm-none-eabi/lib/thumb\libg.a(lib_a-strcmp.o)
                0x000000000800486c                strcmp
 .text._strtoll_l.constprop.0
                0x0000000008004a90      0x1ac c:/devkitpro/devkitarm/bin/../lib/gcc/arm-none-eabi/10.1.0/../../../../arm-none-eabi/lib/thumb\libg.a(lib_a-strtoll.o)
 .text._strtoll_r
                0x0000000008004c3c        0xc c:/devkitpro/devkitarm/bin/../lib/gcc/arm-none-eabi/10.1.0/../../../../arm-none-eabi/lib/thumb\libg.a(lib_a-strtoll.o)
                0x0000000008004c3c                _strtoll_r
 .text._strtol_l.part.0
                0x0000000008004c48      0x150 c:/devkitpro/devkitarm/bin/../lib/gcc/arm-none-eabi/10.1.0/../../../../arm-none-eabi/lib/thumb\libg.a(lib_a-strtol.o)
 .text._strtol_r
                0x0000000008004d98       0x20 c:/devkitpro/devkitarm/bin/../lib/gcc/arm-none-eabi/10.1.0/../../../../arm-none-eabi/lib/thumb\libg.a(lib_a-strtol.o)
                0x0000000008004d98                _strtol_r
 .text._strtoull_l.constprop.0
                0x0000000008004db8      0x1c8 c:/devkitpro/devkitarm/bin/../lib/gcc/arm-none-eabi/10.1.0/../../../../arm-none-eabi/lib/thumb\libg.a(lib_a-strtoull.o)
 .text._strtoull_r
                0x0000000008004f80        0xc c:/devkitpro/devkitarm/bin/../lib/gcc/arm-none-eabi/10.1.0/../../../../arm-none-eabi/lib/thumb\libg.a(lib_a-strtoull.o)
                0x0000000008004f80                _strtoull_r
 .text._strtoul_l.constprop.0
                0x0000000008004f8c      0x148 c:/devkitpro/devkitarm/bin/../lib/gcc/arm-none-eabi/10.1.0/../../../../arm-none-eabi/lib/thumb\libg.a(lib_a-strtoul.o)
 .text._strtoul_r
                0x00000000080050d4        0xc c:/devkitpro/devkitarm/bin/../lib/gcc/arm-none-eabi/10.1.0/../../../../arm-none-eabi/lib/thumb\libg.a(lib_a-strtoul.o)
                0x00000000080050d4                _strtoul_r
 .text.__utf8_wctomb
                0x00000000080050e0       0xb4 c:/devkitpro/devkitarm/bin/../lib/gcc/arm-none-eabi/10.1.0/../../../../arm-none-eabi/lib/thumb\libg.a(lib_a-wctomb_r.o)
                0x00000000080050e0                __utf8_wctomb
 .text.__swsetup_r
                0x0000000008005194       0xe4 c:/devkitpro/devkitarm/bin/../lib/gcc/arm-none-eabi/10.1.0/../../../../arm-none-eabi/lib/thumb\libg.a(lib_a-wsetup.o)
                0x0000000008005194                __swsetup_r
 .text.__errno  0x0000000008005278        0xc c:/devkitpro/devkitarm/bin/../lib/gcc/arm-none-eabi/10.1.0/../../../../arm-none-eabi/lib/thumb\libg.a(lib_a-errno.o)
                0x0000000008005278                __errno
 .text._fclose_r
                0x0000000008005284       0xe8 c:/devkitpro/devkitarm/bin/../lib/gcc/arm-none-eabi/10.1.0/../../../../arm-none-eabi/lib/thumb\libg.a(lib_a-fclose.o)
                0x0000000008005284                _fclose_r
 .text.iswspace_l
                0x000000000800536c       0x2c c:/devkitpro/devkitarm/bin/../lib/gcc/arm-none-eabi/10.1.0/../../../../arm-none-eabi/lib/thumb\libg.a(lib_a-iswspace_l.o)
                0x000000000800536c                iswspace_l
 .text.__jp2uc  0x0000000008005398      0x164 c:/devkitpro/devkitarm/bin/../lib/gcc/arm-none-eabi/10.1.0/../../../../arm-none-eabi/lib/thumb\libg.a(lib_a-jp2uc.o)
 .text._jp2uc_l
                0x00000000080054fc       0x6c c:/devkitpro/devkitarm/bin/../lib/gcc/arm-none-eabi/10.1.0/../../../../arm-none-eabi/lib/thumb\libg.a(lib_a-jp2uc.o)
                0x00000000080054fc                _jp2uc_l
 .text.category
                0x0000000008005568       0x54 c:/devkitpro/devkitarm/bin/../lib/gcc/arm-none-eabi/10.1.0/../../../../arm-none-eabi/lib/thumb\libg.a(lib_a-categories.o)
                0x0000000008005568                category
 .text.null_write
                0x00000000080055bc        0x4 c:/devkitpro/devkitarm/bin/../lib/gcc/arm-none-eabi/10.1.0/../../../../arm-none-eabi/lib/thumb\libsysbase.a(iosupport.o)
 .text._fstat_r
                0x00000000080055c0       0x4c c:/devkitpro/devkitarm/bin/../lib/gcc/arm-none-eabi/10.1.0/../../../../arm-none-eabi/lib/thumb\libsysbase.a(fstat.o)
                0x00000000080055c0                _fstat_r
 .text._isatty_r
                0x000000000800560c        0x4 c:/devkitpro/devkitarm/bin/../lib/gcc/arm-none-eabi/10.1.0/../../../../arm-none-eabi/lib/thumb\libsysbase.a(isatty.o)
                0x000000000800560c                _isatty_r
 .text._lseek_r
                0x0000000008005610       0x5c c:/devkitpro/devkitarm/bin/../lib/gcc/arm-none-eabi/10.1.0/../../../../arm-none-eabi/lib/thumb\libsysbase.a(lseek.o)
                0x0000000008005610                _lseek_r
 .text._read_r  0x000000000800566c       0x50 c:/devkitpro/devkitarm/bin/../lib/gcc/arm-none-eabi/10.1.0/../../../../arm-none-eabi/lib/thumb\libsysbase.a(read.o)
                0x000000000800566c                _read_r
 .text._sbrk_r  0x00000000080056bc       0x54 c:/devkitpro/devkitarm/bin/../lib/gcc/arm-none-eabi/10.1.0/../../../../arm-none-eabi/lib/thumb\libsysbase.a(sbrk.o)
                0x00000000080056bc                _sbrk_r
 .text._write_r
                0x0000000008005710       0x50 c:/devkitpro/devkitarm/bin/../lib/gcc/arm-none-eabi/10.1.0/../../../../arm-none-eabi/lib/thumb\libsysbase.a(write.o)
                0x0000000008005710                _write_r
 .text.__flockfile
                0x0000000008005760       0x10 c:/devkitpro/devkitarm/bin/../lib/gcc/arm-none-eabi/10.1.0/../../../../arm-none-eabi/lib/thumb\libsysbase.a(flock.o)
                0x0000000008005760                __flockfile
 .text.__funlockfile
                0x0000000008005770       0x10 c:/devkitpro/devkitarm/bin/../lib/gcc/arm-none-eabi/10.1.0/../../../../arm-none-eabi/lib/thumb\libsysbase.a(flock.o)
                0x0000000008005770                __funlockfile
 .text.__libc_lock_acquire
                0x0000000008005780       0x1c c:/devkitpro/devkitarm/bin/../lib/gcc/arm-none-eabi/10.1.0/../../../../arm-none-eabi/lib/thumb\libsysbase.a(syscall_support.o)
                0x0000000008005780                __libc_lock_acquire
 .text.__libc_lock_release
                0x000000000800579c       0x1c c:/devkitpro/devkitarm/bin/../lib/gcc/arm-none-eabi/10.1.0/../../../../arm-none-eabi/lib/thumb\libsysbase.a(syscall_support.o)
                0x000000000800579c                __libc_lock_release
 .text.__libc_lock_init_recursive
                0x00000000080057b8       0x1c c:/devkitpro/devkitarm/bin/../lib/gcc/arm-none-eabi/10.1.0/../../../../arm-none-eabi/lib/thumb\libsysbase.a(syscall_support.o)
                0x00000000080057b8                __libc_lock_init_recursive
 .text.__libc_lock_acquire_recursive
                0x00000000080057d4       0x1c c:/devkitpro/devkitarm/bin/../lib/gcc/arm-none-eabi/10.1.0/../../../../arm-none-eabi/lib/thumb\libsysbase.a(syscall_support.o)
                0x00000000080057d4                __libc_lock_acquire_recursive
 .text.__libc_lock_release_recursive
                0x00000000080057f0       0x1c c:/devkitpro/devkitarm/bin/../lib/gcc/arm-none-eabi/10.1.0/../../../../arm-none-eabi/lib/thumb\libsysbase.a(syscall_support.o)
                0x00000000080057f0                __libc_lock_release_recursive
 .text.__libc_lock_close_recursive
                0x000000000800580c       0x1c c:/devkitpro/devkitarm/bin/../lib/gcc/arm-none-eabi/10.1.0/../../../../arm-none-eabi/lib/thumb\libsysbase.a(syscall_support.o)
                0x000000000800580c                __libc_lock_close_recursive
 .text.__get_handle
                0x0000000008005828       0x34 c:/devkitpro/devkitarm/bin/../lib/gcc/arm-none-eabi/10.1.0/../../../../arm-none-eabi/lib/thumb\libsysbase.a(handle_manager.o)
                0x0000000008005828                __get_handle
 .text._close_r
                0x000000000800585c       0xb8 c:/devkitpro/devkitarm/bin/../lib/gcc/arm-none-eabi/10.1.0/../../../../arm-none-eabi/lib/thumb\libsysbase.a(handle_manager.o)
                0x000000000800585c                _close_r
 .text.__getreent
                0x0000000008005914       0x28 c:/devkitpro/devkitarm/bin/../lib/gcc/arm-none-eabi/10.1.0/../../../../arm-none-eabi/lib/thumb\libsysbase.a(getreent.o)
                0x0000000008005914                __getreent
 .text          0x000000000800593c       0x14 c:/devkitpro/devkitarm/bin/../lib/gcc/arm-none-eabi/10.1.0/thumb\libgcc.a(_thumb1_case_uqi.o)
                0x000000000800593c                __gnu_thumb1_case_uqi
 .text          0x0000000008005950       0x14 c:/devkitpro/devkitarm/bin/../lib/gcc/arm-none-eabi/10.1.0/thumb\libgcc.a(_thumb1_case_uhi.o)
                0x0000000008005950                __gnu_thumb1_case_uhi
 .text          0x0000000008005964      0x11c c:/devkitpro/devkitarm/bin/../lib/gcc/arm-none-eabi/10.1.0/thumb\libgcc.a(_udivsi3.o)
                0x0000000008005964                __aeabi_uidiv
                0x0000000008005964                __udivsi3
                0x0000000008005a60                __aeabi_uidivmod
 .text          0x0000000008005a80      0x150 c:/devkitpro/devkitarm/bin/../lib/gcc/arm-none-eabi/10.1.0/thumb\libgcc.a(_divsi3.o)
                0x0000000008005a80                __divsi3
                0x0000000008005a80                __aeabi_idiv
                0x0000000008005bb0                __aeabi_idivmod
 .text          0x0000000008005bd0        0x4 c:/devkitpro/devkitarm/bin/../lib/gcc/arm-none-eabi/10.1.0/thumb\libgcc.a(_dvmd_tls.o)
                0x0000000008005bd0                __aeabi_idiv0
                0x0000000008005bd0                __aeabi_ldiv0
 .text          0x0000000008005bd4       0x3c c:/devkitpro/devkitarm/bin/../lib/gcc/arm-none-eabi/10.1.0/thumb\libgcc.a(_aeabi_uldivmod.o)
                0x0000000008005bd4                __aeabi_uldivmod
 .text.__muldi3
                0x0000000008005c10       0x54 c:/devkitpro/devkitarm/bin/../lib/gcc/arm-none-eabi/10.1.0/thumb\libgcc.a(_muldi3.o)
                0x0000000008005c10                __muldi3
                0x0000000008005c10                __aeabi_lmul
 .text.__udivmoddi4
                0x0000000008005c64      0x19c c:/devkitpro/devkitarm/bin/../lib/gcc/arm-none-eabi/10.1.0/thumb\libgcc.a(_udivmoddi4.o)
                0x0000000008005c64                __udivmoddi4
 .text          0x0000000008005e00       0x28 c:/devkitpro/devkitarm/bin/../lib/gcc/arm-none-eabi/10.1.0/thumb\libgcc.a(_clzdi2.o)
                0x0000000008005e00                __clzdi2
 .text          0x0000000008005e28       0x48 c:/devkitpro/devkitarm/bin/../lib/gcc/arm-none-eabi/10.1.0/thumb\libgcc.a(_clzsi2.o)
                0x0000000008005e28                __clzsi2
 .text.__stub   0x0000000008005e70       0x54 linker stubs
 *(.gnu.linkonce.t.*)
 *(.text.*personality*)
 *(.gnu.warning)
 *(.glue_7t)
 .glue_7t       0x0000000008005ed0        0x0 linker stubs
 *(.glue_7)
 .glue_7        0x0000000008005ed0        0x0 linker stubs
 *(.vfp11_veneer)
 .vfp11_veneer  0x0000000008005ed0        0x0 linker stubs
                0x0000000008005ed0                . = ALIGN (0x4)
                0x0000000008005ed0                __text_end = .

.v4_bx          0x0000000008005ed0        0x0
 .v4_bx         0x0000000008005ed0        0x0 linker stubs

.iplt           0x0000000008005ed0        0x0
 .iplt          0x0000000008005ed0        0x0 c:/devkitpro/devkitarm/bin/../lib/gcc/arm-none-eabi/10.1.0/../../../../arm-none-eabi/lib/thumb/gba_crt0.o

.fini           0x0000000008005ed0        0xc
 *(.fini)
 .fini          0x0000000008005ed0        0x4 c:/devkitpro/devkitarm/bin/../lib/gcc/arm-none-eabi/10.1.0/thumb/crti.o
                0x0000000008005ed0                _fini
 .fini          0x0000000008005ed4        0x8 c:/devkitpro/devkitarm/bin/../lib/gcc/arm-none-eabi/10.1.0/thumb/crtn.o
                0x0000000008005edc                . = ALIGN (0x4)

.rodata         0x0000000008005edc     0x72dc
 *(.rodata)
 .rodata        0x0000000008005edc      0x1b4 C:/devkitPro/libgba/lib\libgba.a(console.o)
                0x0000000008005fb0                dotab_stdout
                0x0000000008006020                dotab_stderr
 .rodata        0x0000000008006090      0x804 C:/devkitPro/libgba/lib\libgba.a(amiga.fnt.o)
                0x0000000008006090                amiga_fnt
                0x0000000008006890                amiga_fnt_size
                0x0000000008006890                amiga_fnt_end
 *all.rodata*(*)
 *(.roda)
 *(.rodata.*)
 .rodata.str1.4
                0x0000000008006894       0x1f template.o
 *fill*         0x00000000080068b3        0x1 ff
 .rodata.str1.4
                0x00000000080068b4       0x2c C:/devkitPro/libgba/lib\libgba.a(console.o)
 .rodata._puts_r.str1.4
                0x00000000080068e0        0x2 c:/devkitpro/devkitarm/bin/../lib/gcc/arm-none-eabi/10.1.0/../../../../arm-none-eabi/lib/thumb\libg.a(lib_a-puts.o)
 *fill*         0x00000000080068e2        0x2 ff
 .rodata.basefix.0
                0x00000000080068e4       0x22 c:/devkitpro/devkitarm/bin/../lib/gcc/arm-none-eabi/10.1.0/../../../../arm-none-eabi/lib/thumb\libg.a(lib_a-svfiscanf.o)
 *fill*         0x0000000008006906        0x2 ff
 .rodata._ctype_
                0x0000000008006908      0x101 c:/devkitpro/devkitarm/bin/../lib/gcc/arm-none-eabi/10.1.0/../../../../arm-none-eabi/lib/thumb\libg.a(lib_a-ctype_.o)
                0x0000000008006908                _ctype_
 *fill*         0x0000000008006a09        0x3 ff
 .rodata.str1.4
                0x0000000008006a0c       0x48 c:/devkitpro/devkitarm/bin/../lib/gcc/arm-none-eabi/10.1.0/../../../../arm-none-eabi/lib/thumb\libg.a(lib_a-locale.o)
                                         0x4c (size before relaxing)
 .rodata._mbrtowc_r.str1.4
                0x0000000008006a54        0x1 c:/devkitpro/devkitarm/bin/../lib/gcc/arm-none-eabi/10.1.0/../../../../arm-none-eabi/lib/thumb\libg.a(lib_a-mbrtowc.o)
 .rodata.__jp2uc
                0x0000000008006a54       0x20 c:/devkitpro/devkitarm/bin/../lib/gcc/arm-none-eabi/10.1.0/../../../../arm-none-eabi/lib/thumb\libg.a(lib_a-jp2uc.o)
 .rodata._jp2uc_l.str1.4
                0x0000000008006a74       0x12 c:/devkitpro/devkitarm/bin/../lib/gcc/arm-none-eabi/10.1.0/../../../../arm-none-eabi/lib/thumb\libg.a(lib_a-jp2uc.o)
 *fill*         0x0000000008006a86        0x2 ff
 .rodata.a1     0x0000000008006a88       0xbc c:/devkitpro/devkitarm/bin/../lib/gcc/arm-none-eabi/10.1.0/../../../../arm-none-eabi/lib/thumb\libg.a(lib_a-jp2uc.o)
 .rodata.a2     0x0000000008006b44       0xbc c:/devkitpro/devkitarm/bin/../lib/gcc/arm-none-eabi/10.1.0/../../../../arm-none-eabi/lib/thumb\libg.a(lib_a-jp2uc.o)
 .rodata.a3     0x0000000008006c00       0x5b c:/devkitpro/devkitarm/bin/../lib/gcc/arm-none-eabi/10.1.0/../../../../arm-none-eabi/lib/thumb\libg.a(lib_a-jp2uc.o)
 *fill*         0x0000000008006c5b        0x1 ff
 .rodata.a6     0x0000000008006c5c       0x70 c:/devkitpro/devkitarm/bin/../lib/gcc/arm-none-eabi/10.1.0/../../../../arm-none-eabi/lib/thumb\libg.a(lib_a-jp2uc.o)
 .rodata.a7     0x0000000008006ccc       0xa2 c:/devkitpro/devkitarm/bin/../lib/gcc/arm-none-eabi/10.1.0/../../../../arm-none-eabi/lib/thumb\libg.a(lib_a-jp2uc.o)
 *fill*         0x0000000008006d6e        0x2 ff
 .rodata.a8     0x0000000008006d70       0x40 c:/devkitpro/devkitarm/bin/../lib/gcc/arm-none-eabi/10.1.0/../../../../arm-none-eabi/lib/thumb\libg.a(lib_a-jp2uc.o)
 .rodata.b02cf  0x0000000008006db0     0x172a c:/devkitpro/devkitarm/bin/../lib/gcc/arm-none-eabi/10.1.0/../../../../arm-none-eabi/lib/thumb\libg.a(lib_a-jp2uc.o)
 *fill*         0x00000000080084da        0x2 ff
 .rodata.d02f4  0x00000000080084dc     0x1a7c c:/devkitpro/devkitarm/bin/../lib/gcc/arm-none-eabi/10.1.0/../../../../arm-none-eabi/lib/thumb\libg.a(lib_a-jp2uc.o)
 .rodata.categories
                0x0000000008009f58     0x31e6 c:/devkitpro/devkitarm/bin/../lib/gcc/arm-none-eabi/10.1.0/../../../../arm-none-eabi/lib/thumb\libg.a(lib_a-categories.o)
 *fill*         0x000000000800d13e        0x2 ff
 .rodata.AddDevice.str1.4
                0x000000000800d140        0x8 c:/devkitpro/devkitarm/bin/../lib/gcc/arm-none-eabi/10.1.0/../../../../arm-none-eabi/lib/thumb\libsysbase.a(iosupport.o)
 .rodata.dotab_stdnull
                0x000000000800d148       0x70 c:/devkitpro/devkitarm/bin/../lib/gcc/arm-none-eabi/10.1.0/../../../../arm-none-eabi/lib/thumb\libsysbase.a(iosupport.o)
                0x000000000800d148                dotab_stdnull
 *(.gnu.linkonce.r*)
                0x000000000800d1b8                . = ALIGN (0x4)

.ARM.extab
 *(.ARM.extab* .gnu.linkonce.armextab.*)
                0x000000000800d1b8                __exidx_start = .

.ARM.exidx
 *(.ARM.exidx* .gnu.linkonce.armexidx.*)
                0x000000000800d1b8                __exidx_end = .

.ctors          0x000000000800d1b8        0x0
 *crtbegin.o(.ctors)
 *(EXCLUDE_FILE(*crtend.o) .ctors)
 *(SORT_BY_NAME(.ctors.*))
 *(.ctors)
                0x000000000800d1b8                . = ALIGN (0x4)

.dtors          0x000000000800d1b8        0x0
 *crtbegin.o(.dtors)
 *(EXCLUDE_FILE(*crtend.o) .dtors)
 *(SORT_BY_NAME(.dtors.*))
 *(.dtors)
                0x000000000800d1b8                . = ALIGN (0x4)

.eh_frame       0x000000000800d1b8        0x4
 *(.eh_frame)
 .eh_frame      0x000000000800d1b8        0x0 c:/devkitpro/devkitarm/bin/../lib/gcc/arm-none-eabi/10.1.0/thumb/crtbegin.o
 .eh_frame      0x000000000800d1b8        0x4 c:/devkitpro/devkitarm/bin/../lib/gcc/arm-none-eabi/10.1.0/thumb/crtend.o
                0x000000000800d1bc                . = ALIGN (0x4)

.gcc_except_table
                0x000000000800d1bc        0x0
 *(.gcc_except_table)
                0x000000000800d1bc                . = ALIGN (0x4)
                0x000000000800d1bc                __iwram_lma = .

.iwram          0x0000000003000000       0xb8 load address 0x000000000800d1bc
                0x0000000003000000                __iwram_start__ = ABSOLUTE (.)
 *(.iwram .iwram*)
 .iwram         0x0000000003000000       0xb8 C:/devkitPro/libgba/lib\libgba.a(InterruptDispatcher.o)
                0x0000000003000000                IntrMain
 *iwram.*(.text* .data*)
                0x00000000030000b8                . = ALIGN (0x4)
                0x00000000030000b8                __iwram_end__ = ABSOLUTE (.)
                0x000000000800d274                __data_lma = (__iwram_lma + SIZEOF (.iwram))

.rel.dyn        0x00000000030000b8        0x0 load address 0x000000000800d274
 .rel.iplt      0x00000000030000b8        0x0 c:/devkitpro/devkitarm/bin/../lib/gcc/arm-none-eabi/10.1.0/../../../../arm-none-eabi/lib/thumb/gba_crt0.o

.bss            0x00000000030000b8      0x138
                0x00000000030000b8                __bss_start = ABSOLUTE (.)
                0x00000000030000b8                __bss_start__ = ABSOLUTE (.)
 *(.dynbss)
 *(.gnu.linkonce.b*)
 *(.bss*)
 .bss.completed.1
                0x00000000030000b8        0x1 c:/devkitpro/devkitarm/bin/../lib/gcc/arm-none-eabi/10.1.0/thumb/crtbegin.o
 *fill*         0x00000000030000b9        0x3 
 .bss.object.0  0x00000000030000bc       0x18 c:/devkitpro/devkitarm/bin/../lib/gcc/arm-none-eabi/10.1.0/thumb/crtbegin.o
 .bss           0x00000000030000d4       0x1c C:/devkitPro/libgba/lib\libgba.a(console.o)
 .bss.__malloc_current_mallinfo
                0x00000000030000f0       0x28 c:/devkitpro/devkitarm/bin/../lib/gcc/arm-none-eabi/10.1.0/../../../../arm-none-eabi/lib/thumb\libg.a(lib_a-mallocr.o)
                0x00000000030000f0                __malloc_current_mallinfo
 .bss.__malloc_max_sbrked_mem
                0x0000000003000118        0x4 c:/devkitpro/devkitarm/bin/../lib/gcc/arm-none-eabi/10.1.0/../../../../arm-none-eabi/lib/thumb\libg.a(lib_a-mallocr.o)
                0x0000000003000118                __malloc_max_sbrked_mem
 .bss.__malloc_max_total_mem
                0x000000000300011c        0x4 c:/devkitpro/devkitarm/bin/../lib/gcc/arm-none-eabi/10.1.0/../../../../arm-none-eabi/lib/thumb\libg.a(lib_a-mallocr.o)
                0x000000000300011c                __malloc_max_total_mem
 .bss.__malloc_top_pad
                0x0000000003000120        0x4 c:/devkitpro/devkitarm/bin/../lib/gcc/arm-none-eabi/10.1.0/../../../../arm-none-eabi/lib/thumb\libg.a(lib_a-mallocr.o)
                0x0000000003000120                __malloc_top_pad
 .bss.heap_start.0
                0x0000000003000124        0x4 c:/devkitpro/devkitarm/bin/../lib/gcc/arm-none-eabi/10.1.0/../../../../arm-none-eabi/lib/thumb\libsysbase.a(sbrk.o)
 .bss.fake_heap_end
                0x0000000003000128        0x4 c:/devkitpro/devkitarm/bin/../lib/gcc/arm-none-eabi/10.1.0/../../../../arm-none-eabi/lib/thumb\libsysbase.a(malloc_vars.o)
                0x0000000003000128                fake_heap_end
 .bss.fake_heap_start
                0x000000000300012c        0x4 c:/devkitpro/devkitarm/bin/../lib/gcc/arm-none-eabi/10.1.0/../../../../arm-none-eabi/lib/thumb\libsysbase.a(malloc_vars.o)
                0x000000000300012c                fake_heap_start
 .bss.__syscalls
                0x0000000003000130       0x48 c:/devkitpro/devkitarm/bin/../lib/gcc/arm-none-eabi/10.1.0/../../../../arm-none-eabi/lib/thumb\libsysbase.a(syscall_support.o)
                0x0000000003000130                __syscalls
 *(COMMON)
 COMMON         0x0000000003000178       0x78 C:/devkitPro/libgba/lib\libgba.a(interrupt.o)
                0x0000000003000178                IntrTable
                0x00000000030001f0                . = ALIGN (0x4)
                0x00000000030001f0                __bss_end__ = ABSOLUTE (.)

.data           0x00000000030001f0     0x1abc load address 0x000000000800d274
                0x00000000030001f0                __data_start__ = ABSOLUTE (.)
 *(.data*)
 .data.__sfp_recursive_mutex
                0x00000000030001f0        0xc c:/devkitpro/devkitarm/bin/../lib/gcc/arm-none-eabi/10.1.0/../../../../arm-none-eabi/lib/thumb\libg.a(lib_a-findfp.o)
 .data.__sinit_recursive_mutex
                0x00000000030001fc        0xc c:/devkitpro/devkitarm/bin/../lib/gcc/arm-none-eabi/10.1.0/../../../../arm-none-eabi/lib/thumb\libg.a(lib_a-findfp.o)
 .data._impure_ptr
                0x0000000003000208        0x4 c:/devkitpro/devkitarm/bin/../lib/gcc/arm-none-eabi/10.1.0/../../../../arm-none-eabi/lib/thumb\libg.a(lib_a-impure.o)
                0x0000000003000208                _impure_ptr
 *fill*         0x000000000300020c        0x4 ff
 .data.impure_data
                0x0000000003000210      0x460 c:/devkitpro/devkitarm/bin/../lib/gcc/arm-none-eabi/10.1.0/../../../../arm-none-eabi/lib/thumb\libg.a(lib_a-impure.o)
 .data.__global_locale
                0x0000000003000670      0x16c c:/devkitpro/devkitarm/bin/../lib/gcc/arm-none-eabi/10.1.0/../../../../arm-none-eabi/lib/thumb\libg.a(lib_a-locale.o)
                0x0000000003000670                __global_locale
 .data.__malloc_av_
                0x00000000030007dc      0x408 c:/devkitpro/devkitarm/bin/../lib/gcc/arm-none-eabi/10.1.0/../../../../arm-none-eabi/lib/thumb\libg.a(lib_a-mallocr.o)
                0x00000000030007dc                __malloc_av_
 .data.__malloc_sbrk_base
                0x0000000003000be4        0x4 c:/devkitpro/devkitarm/bin/../lib/gcc/arm-none-eabi/10.1.0/../../../../arm-none-eabi/lib/thumb\libg.a(lib_a-mallocr.o)
                0x0000000003000be4                __malloc_sbrk_base
 .data.__malloc_trim_threshold
                0x0000000003000be8        0x4 c:/devkitpro/devkitarm/bin/../lib/gcc/arm-none-eabi/10.1.0/../../../../arm-none-eabi/lib/thumb\libg.a(lib_a-mallocr.o)
                0x0000000003000be8                __malloc_trim_threshold
 .data.__malloc_recursive_mutex
                0x0000000003000bec        0xc c:/devkitpro/devkitarm/bin/../lib/gcc/arm-none-eabi/10.1.0/../../../../arm-none-eabi/lib/thumb\libg.a(lib_a-mlock.o)
 .data.devoptab_list
                0x0000000003000bf8       0x8c c:/devkitpro/devkitarm/bin/../lib/gcc/arm-none-eabi/10.1.0/../../../../arm-none-eabi/lib/thumb\libsysbase.a(iosupport.o)
                0x0000000003000bf8                devoptab_list
 .data.__hndl_lock
                0x0000000003000c84        0x4 c:/devkitpro/devkitarm/bin/../lib/gcc/arm-none-eabi/10.1.0/../../../../arm-none-eabi/lib/thumb\libsysbase.a(handle_manager.o)
 .data.__stderr_handle
                0x0000000003000c88        0xc c:/devkitpro/devkitarm/bin/../lib/gcc/arm-none-eabi/10.1.0/../../../../arm-none-eabi/lib/thumb\libsysbase.a(handle_manager.o)
 .data.__stdin_handle
                0x0000000003000c94        0xc c:/devkitpro/devkitarm/bin/../lib/gcc/arm-none-eabi/10.1.0/../../../../arm-none-eabi/lib/thumb\libsysbase.a(handle_manager.o)
 .data.__stdout_handle
                0x0000000003000ca0        0xc c:/devkitpro/devkitarm/bin/../lib/gcc/arm-none-eabi/10.1.0/../../../../arm-none-eabi/lib/thumb\libsysbase.a(handle_manager.o)
 .data.handles  0x0000000003000cac     0x1000 c:/devkitpro/devkitarm/bin/../lib/gcc/arm-none-eabi/10.1.0/../../../../arm-none-eabi/lib/thumb\libsysbase.a(handle_manager.o)
 *(.gnu.linkonce.d*)
                0x0000000003001cac                . = ALIGN (0x4)
                0x000000000800ed30                __preinit_lma = (__data_lma + SIZEOF (.data))

.igot.plt       0x0000000003001cac        0x0 load address 0x000000000800ed30
 .igot.plt      0x0000000003001cac        0x0 c:/devkitpro/devkitarm/bin/../lib/gcc/arm-none-eabi/10.1.0/../../../../arm-none-eabi/lib/thumb/gba_crt0.o

.tm_clone_table
                0x0000000003001cac        0x0 load address 0x000000000800ed30
 .tm_clone_table
                0x0000000003001cac        0x0 c:/devkitpro/devkitarm/bin/../lib/gcc/arm-none-eabi/10.1.0/thumb/crtbegin.o
 .tm_clone_table
                0x0000000003001cac        0x0 c:/devkitpro/devkitarm/bin/../lib/gcc/arm-none-eabi/10.1.0/thumb/crtend.o

.preinit_array  0x0000000003001cac        0x0 load address 0x000000000800ed30
                0x0000000003001cac                __preinit_array_start = ABSOLUTE (.)
 *(.preinit_array)
                0x0000000003001cac                __preinit_array_end = ABSOLUTE (.)
                0x000000000800ed30                __init_lma = (__preinit_lma + SIZEOF (.preinit_array))

.init_array     0x0000000003001cac        0x4 load address 0x000000000800ed30
                0x0000000003001cac                __init_array_start = ABSOLUTE (.)
 *(SORT_BY_NAME(.init_array.*))
 *(.init_array)
 .init_array    0x0000000003001cac        0x4 c:/devkitpro/devkitarm/bin/../lib/gcc/arm-none-eabi/10.1.0/thumb/crtbegin.o
                0x0000000003001cb0                __init_array_end = ABSOLUTE (.)
                0x000000000800ed34                __fini_lma = (__init_lma + SIZEOF (.init_array))

.fini_array     0x0000000003001cb0        0x4 load address 0x000000000800ed34
                0x0000000003001cb0                __fini_array_start = ABSOLUTE (.)
 *(SORT_BY_NAME(.fini_array.*))
 *(.fini_array)
 .fini_array    0x0000000003001cb0        0x4 c:/devkitpro/devkitarm/bin/../lib/gcc/arm-none-eabi/10.1.0/thumb/crtbegin.o
                0x0000000003001cb4                __fini_array_end = ABSOLUTE (.)
                0x000000000800ed38                __jcr_lma = (__fini_lma + SIZEOF (.fini_array))

.jcr            0x0000000003001cb4        0x0 load address 0x000000000800ed38
 *(.jcr)
                0x0000000003001cb4                __data_end__ = ABSOLUTE (.)
                0x000000000800ed38                __iwram_overlay_lma = (__jcr_lma + SIZEOF (.jcr))
                0x0000000003001cb4                __iwram_overlay_start = .

.iwram0         0x0000000003001cb4        0x0 load address 0x000000000800ed38
 *(.iwram0)
                0x0000000003001cb4                . = ALIGN (0x4)
                0x000000000800ed38                PROVIDE (__load_start_iwram0 = LOADADDR (.iwram0))
                0x000000000800ed38                PROVIDE (__load_stop_iwram0 = (LOADADDR (.iwram0) + SIZEOF (.iwram0)))

.iwram1         0x0000000003001cb4        0x0
 *(.iwram1)
                0x0000000003001cb4                . = ALIGN (0x4)
                [!provide]                        PROVIDE (__load_start_iwram1 = LOADADDR (.iwram1))
                [!provide]                        PROVIDE (__load_stop_iwram1 = (LOADADDR (.iwram1) + SIZEOF (.iwram1)))

.iwram2         0x0000000003001cb4        0x0
 *(.iwram2)
                0x0000000003001cb4                . = ALIGN (0x4)
                [!provide]                        PROVIDE (__load_start_iwram2 = LOADADDR (.iwram2))
                [!provide]                        PROVIDE (__load_stop_iwram2 = (LOADADDR (.iwram2) + SIZEOF (.iwram2)))

.iwram3         0x0000000003001cb4        0x0
 *(.iwram3)
                0x0000000003001cb4                . = ALIGN (0x4)
                [!provide]                        PROVIDE (__load_start_iwram3 = LOADADDR (.iwram3))
                [!provide]                        PROVIDE (__load_stop_iwram3 = (LOADADDR (.iwram3) + SIZEOF (.iwram3)))

.iwram4         0x0000000003001cb4        0x0
 *(.iwram4)
                0x0000000003001cb4                . = ALIGN (0x4)
                [!provide]                        PROVIDE (__load_start_iwram4 = LOADADDR (.iwram4))
                [!provide]                        PROVIDE (__load_stop_iwram4 = (LOADADDR (.iwram4) + SIZEOF (.iwram4)))

.iwram5         0x0000000003001cb4        0x0
 *(.iwram5)
                0x0000000003001cb4                . = ALIGN (0x4)
                [!provide]                        PROVIDE (__load_start_iwram5 = LOADADDR (.iwram5))
                [!provide]                        PROVIDE (__load_stop_iwram5 = (LOADADDR (.iwram5) + SIZEOF (.iwram5)))

.iwram6         0x0000000003001cb4        0x0
 *(.iwram6)
                0x0000000003001cb4                . = ALIGN (0x4)
                [!provide]                        PROVIDE (__load_start_iwram6 = LOADADDR (.iwram6))
                [!provide]                        PROVIDE (__load_stop_iwram6 = (LOADADDR (.iwram6) + SIZEOF (.iwram6)))

.iwram7         0x0000000003001cb4        0x0
 *(.iwram7)
                0x0000000003001cb4                . = ALIGN (0x4)
                [!provide]                        PROVIDE (__load_start_iwram7 = LOADADDR (.iwram7))
                [!provide]                        PROVIDE (__load_stop_iwram7 = (LOADADDR (.iwram7) + SIZEOF (.iwram7)))

.iwram8         0x0000000003001cb4        0x0
 *(.iwram8)
                0x0000000003001cb4                . = ALIGN (0x4)
                [!provide]                        PROVIDE (__load_start_iwram8 = LOADADDR (.iwram8))
                [!provide]                        PROVIDE (__load_stop_iwram8 = (LOADADDR (.iwram8) + SIZEOF (.iwram8)))

.iwram9         0x0000000003001cb4        0x0
 *(.iwram9)
                0x0000000003001cb4                . = ALIGN (0x4)
                [!provide]                        PROVIDE (__load_start_iwram9 = LOADADDR (.iwram9))
                [!provide]                        PROVIDE (__load_stop_iwram9 = (LOADADDR (.iwram9) + SIZEOF (.iwram9)))
                0x0000000003001cb4                __iwram_overlay_end = .
                0x000000000800ed38                __ewram_lma = (__iwram_overlay_lma + (__iwram_overlay_end - __iwram_overlay_start))
                0x0000000003001cb4                __iheap_start = .
                0x0000000002000000                __ewram_start = ORIGIN (ewram)

.ewram          0x0000000002000000        0x0 load address 0x000000000800ed38
 *(.ewram*)
                0x0000000002000000                . = ALIGN (0x4)
                0x0000000002000000                __ewram_end = ABSOLUTE (.)
                0x000000000800ed38                __pad_lma = (__ewram_lma + SIZEOF (.ewram))

.sbss           0x0000000002000000        0x0
                0x0000000002000000                __sbss_start__ = ABSOLUTE (.)
 *(.sbss*)
                0x0000000002000000                . = ALIGN (0x4)
                0x0000000002000000                __sbss_end__ = ABSOLUTE (.)
                0x0000000002000000                __end__ = ABSOLUTE (.)
                0x0000000002000000                __eheap_start = ABSOLUTE (.)

.pad            0x0000000002000000        0x8 load address 0x000000000800ed38
                0x0000000002000000        0x4 LONG 0x52416b64
                0x0000000002000004        0x4 LONG 0x4d
                0x0000000002000008                . = ALIGN (0x4)
                0x000000000800ed40                __rom_end__ = (__pad_lma + SIZEOF (.pad))

.stab
 *(.stab)

.stabstr
 *(.stabstr)

.stab.excl
 *(.stab.excl)

.stab.exclstr
 *(.stab.exclstr)

.stab.index
 *(.stab.index)

.stab.indexstr
 *(.stab.indexstr)

.comment        0x0000000000000000       0x45
 *(.comment)
 .comment       0x0000000000000000       0x23 c:/devkitpro/devkitarm/bin/../lib/gcc/arm-none-eabi/10.1.0/thumb/crtbegin.o
                                         0x24 (size before relaxing)
 .comment       0x0000000000000023       0x24 template.o
 .comment       0x0000000000000023       0x22 C:/devkitPro/libgba/lib\libgba.a(interrupt.o)
                                         0x23 (size before relaxing)
 .comment       0x0000000000000045       0x23 C:/devkitPro/libgba/lib\libgba.a(console.o)
 .comment       0x0000000000000045       0x23 C:/devkitPro/libgba/lib\libgba.a(CpuSet.o)
 .comment       0x0000000000000045       0x24 c:/devkitpro/devkitarm/bin/../lib/gcc/arm-none-eabi/10.1.0/../../../../arm-none-eabi/lib/thumb\libg.a(lib_a-init.o)
 .comment       0x0000000000000045       0x24 c:/devkitpro/devkitarm/bin/../lib/gcc/arm-none-eabi/10.1.0/../../../../arm-none-eabi/lib/thumb\libg.a(lib_a-puts.o)
 .comment       0x0000000000000045       0x24 c:/devkitpro/devkitarm/bin/../lib/gcc/arm-none-eabi/10.1.0/../../../../arm-none-eabi/lib/thumb\libg.a(lib_a-setvbuf.o)
 .comment       0x0000000000000045       0x24 c:/devkitpro/devkitarm/bin/../lib/gcc/arm-none-eabi/10.1.0/../../../../arm-none-eabi/lib/thumb\libg.a(lib_a-siscanf.o)
 .comment       0x0000000000000045       0x24 c:/devkitpro/devkitarm/bin/../lib/gcc/arm-none-eabi/10.1.0/../../../../arm-none-eabi/lib/thumb\libg.a(lib_a-stdio.o)
 .comment       0x0000000000000045       0x24 c:/devkitpro/devkitarm/bin/../lib/gcc/arm-none-eabi/10.1.0/../../../../arm-none-eabi/lib/thumb\libg.a(lib_a-strlen-stub.o)
 .comment       0x0000000000000045       0x24 c:/devkitpro/devkitarm/bin/../lib/gcc/arm-none-eabi/10.1.0/../../../../arm-none-eabi/lib/thumb\libg.a(lib_a-svfiscanf.o)
 .comment       0x0000000000000045       0x24 c:/devkitpro/devkitarm/bin/../lib/gcc/arm-none-eabi/10.1.0/../../../../arm-none-eabi/lib/thumb\libg.a(lib_a-ungetc.o)
 .comment       0x0000000000000045       0x24 c:/devkitpro/devkitarm/bin/../lib/gcc/arm-none-eabi/10.1.0/../../../../arm-none-eabi/lib/thumb\libg.a(lib_a-ctype_.o)
 .comment       0x0000000000000045       0x24 c:/devkitpro/devkitarm/bin/../lib/gcc/arm-none-eabi/10.1.0/../../../../arm-none-eabi/lib/thumb\libg.a(lib_a-fflush.o)
 .comment       0x0000000000000045       0x24 c:/devkitpro/devkitarm/bin/../lib/gcc/arm-none-eabi/10.1.0/../../../../arm-none-eabi/lib/thumb\libg.a(lib_a-findfp.o)
 .comment       0x0000000000000045       0x24 c:/devkitpro/devkitarm/bin/../lib/gcc/arm-none-eabi/10.1.0/../../../../arm-none-eabi/lib/thumb\libg.a(lib_a-freer.o)
 .comment       0x0000000000000045       0x24 c:/devkitpro/devkitarm/bin/../lib/gcc/arm-none-eabi/10.1.0/../../../../arm-none-eabi/lib/thumb\libg.a(lib_a-fvwrite.o)
 .comment       0x0000000000000045       0x24 c:/devkitpro/devkitarm/bin/../lib/gcc/arm-none-eabi/10.1.0/../../../../arm-none-eabi/lib/thumb\libg.a(lib_a-fwalk.o)
 .comment       0x0000000000000045       0x24 c:/devkitpro/devkitarm/bin/../lib/gcc/arm-none-eabi/10.1.0/../../../../arm-none-eabi/lib/thumb\libg.a(lib_a-impure.o)
 .comment       0x0000000000000045       0x24 c:/devkitpro/devkitarm/bin/../lib/gcc/arm-none-eabi/10.1.0/../../../../arm-none-eabi/lib/thumb\libg.a(lib_a-iswspace.o)
 .comment       0x0000000000000045       0x24 c:/devkitpro/devkitarm/bin/../lib/gcc/arm-none-eabi/10.1.0/../../../../arm-none-eabi/lib/thumb\libg.a(lib_a-locale.o)
 .comment       0x0000000000000045       0x24 c:/devkitpro/devkitarm/bin/../lib/gcc/arm-none-eabi/10.1.0/../../../../arm-none-eabi/lib/thumb\libg.a(lib_a-makebuf.o)
 .comment       0x0000000000000045       0x24 c:/devkitpro/devkitarm/bin/../lib/gcc/arm-none-eabi/10.1.0/../../../../arm-none-eabi/lib/thumb\libg.a(lib_a-malloc.o)
 .comment       0x0000000000000045       0x24 c:/devkitpro/devkitarm/bin/../lib/gcc/arm-none-eabi/10.1.0/../../../../arm-none-eabi/lib/thumb\libg.a(lib_a-mallocr.o)
 .comment       0x0000000000000045       0x24 c:/devkitpro/devkitarm/bin/../lib/gcc/arm-none-eabi/10.1.0/../../../../arm-none-eabi/lib/thumb\libg.a(lib_a-mbrtowc.o)
 .comment       0x0000000000000045       0x24 c:/devkitpro/devkitarm/bin/../lib/gcc/arm-none-eabi/10.1.0/../../../../arm-none-eabi/lib/thumb\libg.a(lib_a-mbtowc_r.o)
 .comment       0x0000000000000045       0x24 c:/devkitpro/devkitarm/bin/../lib/gcc/arm-none-eabi/10.1.0/../../../../arm-none-eabi/lib/thumb\libg.a(lib_a-memchr-stub.o)
 .comment       0x0000000000000045       0x24 c:/devkitpro/devkitarm/bin/../lib/gcc/arm-none-eabi/10.1.0/../../../../arm-none-eabi/lib/thumb\libg.a(lib_a-memcpy-stub.o)
 .comment       0x0000000000000045       0x24 c:/devkitpro/devkitarm/bin/../lib/gcc/arm-none-eabi/10.1.0/../../../../arm-none-eabi/lib/thumb\libg.a(lib_a-memmove.o)
 .comment       0x0000000000000045       0x24 c:/devkitpro/devkitarm/bin/../lib/gcc/arm-none-eabi/10.1.0/../../../../arm-none-eabi/lib/thumb\libg.a(lib_a-memset.o)
 .comment       0x0000000000000045       0x24 c:/devkitpro/devkitarm/bin/../lib/gcc/arm-none-eabi/10.1.0/../../../../arm-none-eabi/lib/thumb\libg.a(lib_a-mlock.o)
 .comment       0x0000000000000045       0x24 c:/devkitpro/devkitarm/bin/../lib/gcc/arm-none-eabi/10.1.0/../../../../arm-none-eabi/lib/thumb\libg.a(lib_a-realloc.o)
 .comment       0x0000000000000045       0x24 c:/devkitpro/devkitarm/bin/../lib/gcc/arm-none-eabi/10.1.0/../../../../arm-none-eabi/lib/thumb\libg.a(lib_a-reallocr.o)
 .comment       0x0000000000000045       0x24 c:/devkitpro/devkitarm/bin/../lib/gcc/arm-none-eabi/10.1.0/../../../../arm-none-eabi/lib/thumb\libg.a(lib_a-sccl.o)
 .comment       0x0000000000000045       0x24 c:/devkitpro/devkitarm/bin/../lib/gcc/arm-none-eabi/10.1.0/../../../../arm-none-eabi/lib/thumb\libg.a(lib_a-strtoll.o)
 .comment       0x0000000000000045       0x24 c:/devkitpro/devkitarm/bin/../lib/gcc/arm-none-eabi/10.1.0/../../../../arm-none-eabi/lib/thumb\libg.a(lib_a-strtol.o)
 .comment       0x0000000000000045       0x24 c:/devkitpro/devkitarm/bin/../lib/gcc/arm-none-eabi/10.1.0/../../../../arm-none-eabi/lib/thumb\libg.a(lib_a-strtoull.o)
 .comment       0x0000000000000045       0x24 c:/devkitpro/devkitarm/bin/../lib/gcc/arm-none-eabi/10.1.0/../../../../arm-none-eabi/lib/thumb\libg.a(lib_a-strtoul.o)
 .comment       0x0000000000000045       0x24 c:/devkitpro/devkitarm/bin/../lib/gcc/arm-none-eabi/10.1.0/../../../../arm-none-eabi/lib/thumb\libg.a(lib_a-wctomb_r.o)
 .comment       0x0000000000000045       0x24 c:/devkitpro/devkitarm/bin/../lib/gcc/arm-none-eabi/10.1.0/../../../../arm-none-eabi/lib/thumb\libg.a(lib_a-wsetup.o)
 .comment       0x0000000000000045       0x24 c:/devkitpro/devkitarm/bin/../lib/gcc/arm-none-eabi/10.1.0/../../../../arm-none-eabi/lib/thumb\libg.a(lib_a-errno.o)
 .comment       0x0000000000000045       0x24 c:/devkitpro/devkitarm/bin/../lib/gcc/arm-none-eabi/10.1.0/../../../../arm-none-eabi/lib/thumb\libg.a(lib_a-fclose.o)
 .comment       0x0000000000000045       0x24 c:/devkitpro/devkitarm/bin/../lib/gcc/arm-none-eabi/10.1.0/../../../../arm-none-eabi/lib/thumb\libg.a(lib_a-iswspace_l.o)
 .comment       0x0000000000000045       0x24 c:/devkitpro/devkitarm/bin/../lib/gcc/arm-none-eabi/10.1.0/../../../../arm-none-eabi/lib/thumb\libg.a(lib_a-jp2uc.o)
 .comment       0x0000000000000045       0x24 c:/devkitpro/devkitarm/bin/../lib/gcc/arm-none-eabi/10.1.0/../../../../arm-none-eabi/lib/thumb\libg.a(lib_a-categories.o)
 .comment       0x0000000000000045       0x24 c:/devkitpro/devkitarm/bin/../lib/gcc/arm-none-eabi/10.1.0/../../../../arm-none-eabi/lib/thumb\libsysbase.a(iosupport.o)
 .comment       0x0000000000000045       0x24 c:/devkitpro/devkitarm/bin/../lib/gcc/arm-none-eabi/10.1.0/../../../../arm-none-eabi/lib/thumb\libsysbase.a(fstat.o)
 .comment       0x0000000000000045       0x24 c:/devkitpro/devkitarm/bin/../lib/gcc/arm-none-eabi/10.1.0/../../../../arm-none-eabi/lib/thumb\libsysbase.a(isatty.o)
 .comment       0x0000000000000045       0x24 c:/devkitpro/devkitarm/bin/../lib/gcc/arm-none-eabi/10.1.0/../../../../arm-none-eabi/lib/thumb\libsysbase.a(lseek.o)
 .comment       0x0000000000000045       0x24 c:/devkitpro/devkitarm/bin/../lib/gcc/arm-none-eabi/10.1.0/../../../../arm-none-eabi/lib/thumb\libsysbase.a(read.o)
 .comment       0x0000000000000045       0x24 c:/devkitpro/devkitarm/bin/../lib/gcc/arm-none-eabi/10.1.0/../../../../arm-none-eabi/lib/thumb\libsysbase.a(sbrk.o)
 .comment       0x0000000000000045       0x24 c:/devkitpro/devkitarm/bin/../lib/gcc/arm-none-eabi/10.1.0/../../../../arm-none-eabi/lib/thumb\libsysbase.a(write.o)
 .comment       0x0000000000000045       0x24 c:/devkitpro/devkitarm/bin/../lib/gcc/arm-none-eabi/10.1.0/../../../../arm-none-eabi/lib/thumb\libsysbase.a(malloc_vars.o)
 .comment       0x0000000000000045       0x24 c:/devkitpro/devkitarm/bin/../lib/gcc/arm-none-eabi/10.1.0/../../../../arm-none-eabi/lib/thumb\libsysbase.a(flock.o)
 .comment       0x0000000000000045       0x24 c:/devkitpro/devkitarm/bin/../lib/gcc/arm-none-eabi/10.1.0/../../../../arm-none-eabi/lib/thumb\libsysbase.a(syscall_support.o)
 .comment       0x0000000000000045       0x24 c:/devkitpro/devkitarm/bin/../lib/gcc/arm-none-eabi/10.1.0/../../../../arm-none-eabi/lib/thumb\libsysbase.a(handle_manager.o)
 .comment       0x0000000000000045       0x24 c:/devkitpro/devkitarm/bin/../lib/gcc/arm-none-eabi/10.1.0/../../../../arm-none-eabi/lib/thumb\libsysbase.a(getreent.o)
 .comment       0x0000000000000045       0x24 c:/devkitpro/devkitarm/bin/../lib/gcc/arm-none-eabi/10.1.0/thumb\libgcc.a(_muldi3.o)
 .comment       0x0000000000000045       0x24 c:/devkitpro/devkitarm/bin/../lib/gcc/arm-none-eabi/10.1.0/thumb\libgcc.a(_udivmoddi4.o)
 .comment       0x0000000000000045       0x24 c:/devkitpro/devkitarm/bin/../lib/gcc/arm-none-eabi/10.1.0/thumb/crtend.o

.debug
 *(.debug)

.line
 *(.line)

.debug_srcinfo
 *(.debug_srcinfo)

.debug_sfnames
 *(.debug_sfnames)

.debug_aranges  0x0000000000000000       0xa0
 *(.debug_aranges)
 .debug_aranges
                0x0000000000000000       0x20 template.o
 .debug_aranges
                0x0000000000000020       0x20 C:/devkitPro/libgba/lib\libgba.a(interrupt.o)
 .debug_aranges
                0x0000000000000040       0x20 C:/devkitPro/libgba/lib\libgba.a(console.o)
 .debug_aranges
                0x0000000000000060       0x20 C:/devkitPro/libgba/lib\libgba.a(InterruptDispatcher.o)
 .debug_aranges
                0x0000000000000080       0x20 C:/devkitPro/libgba/lib\libgba.a(CpuSet.o)

.debug_pubnames
 *(.debug_pubnames)

.debug_info     0x0000000000000000     0x2800
 *(.debug_info)
 .debug_info    0x0000000000000000      0x187 template.o
 .debug_info    0x0000000000000187      0x41b C:/devkitPro/libgba/lib\libgba.a(interrupt.o)
 .debug_info    0x00000000000005a2     0x20fd C:/devkitPro/libgba/lib\libgba.a(console.o)
 .debug_info    0x000000000000269f       0x26 C:/devkitPro/libgba/lib\libgba.a(InterruptDispatcher.o)
 .debug_info    0x00000000000026c5      0x13b C:/devkitPro/libgba/lib\libgba.a(CpuSet.o)

.debug_abbrev   0x0000000000000000      0x87b
 *(.debug_abbrev)
 .debug_abbrev  0x0000000000000000       0xe7 template.o
 .debug_abbrev  0x00000000000000e7      0x1ee C:/devkitPro/libgba/lib\libgba.a(interrupt.o)
 .debug_abbrev  0x00000000000002d5      0x4eb C:/devkitPro/libgba/lib\libgba.a(console.o)
 .debug_abbrev  0x00000000000007c0       0x14 C:/devkitPro/libgba/lib\libgba.a(InterruptDispatcher.o)
 .debug_abbrev  0x00000000000007d4       0xa7 C:/devkitPro/libgba/lib\libgba.a(CpuSet.o)

.debug_line     0x0000000000000000     0x131f
 *(.debug_line)
 .debug_line    0x0000000000000000       0xe9 template.o
 .debug_line    0x00000000000000e9      0x5ae C:/devkitPro/libgba/lib\libgba.a(interrupt.o)
 .debug_line    0x0000000000000697      0xa72 C:/devkitPro/libgba/lib\libgba.a(console.o)
 .debug_line    0x0000000000001109       0xb2 C:/devkitPro/libgba/lib\libgba.a(InterruptDispatcher.o)
 .debug_line    0x00000000000011bb      0x164 C:/devkitPro/libgba/lib\libgba.a(CpuSet.o)

.debug_frame    0x0000000000000000      0x208
 *(.debug_frame)
 .debug_frame   0x0000000000000000       0x28 template.o
 .debug_frame   0x0000000000000028       0xb0 C:/devkitPro/libgba/lib\libgba.a(interrupt.o)
 .debug_frame   0x00000000000000d8      0x100 C:/devkitPro/libgba/lib\libgba.a(console.o)
 .debug_frame   0x00000000000001d8       0x30 C:/devkitPro/libgba/lib\libgba.a(CpuSet.o)

.debug_str      0x0000000000000000      0xfe5
 *(.debug_str)
 .debug_str     0x0000000000000000      0x1da template.o
                                        0x218 (size before relaxing)
 .debug_str     0x00000000000001da      0x1cc C:/devkitPro/libgba/lib\libgba.a(interrupt.o)
                                        0x310 (size before relaxing)
 .debug_str     0x00000000000003a6      0xb85 C:/devkitPro/libgba/lib\libgba.a(console.o)
                                        0xe18 (size before relaxing)
 .debug_str     0x0000000000000f2b       0x60 C:/devkitPro/libgba/lib\libgba.a(InterruptDispatcher.o)
                                         0xa0 (size before relaxing)
 .debug_str     0x0000000000000f8b       0x5a C:/devkitPro/libgba/lib\libgba.a(CpuSet.o)
                                        0x18e (size before relaxing)

.debug_loc      0x0000000000000000     0x191c
 *(.debug_loc)
 .debug_loc     0x0000000000000000      0x446 C:/devkitPro/libgba/lib\libgba.a(interrupt.o)
 .debug_loc     0x0000000000000446     0x13f8 C:/devkitPro/libgba/lib\libgba.a(console.o)
 .debug_loc     0x000000000000183e       0xde C:/devkitPro/libgba/lib\libgba.a(CpuSet.o)

.debug_macinfo
 *(.debug_macinfo)

.debug_weaknames
 *(.debug_weaknames)

.debug_funcnames
 *(.debug_funcnames)

.debug_typenames
 *(.debug_typenames)

.debug_varnames
 *(.debug_varnames)

.stack          0x0000000000080000        0x0
                0x0000000000080000                _stack = .
 *(.stack)

.note.gnu.arm.ident
 *(.note.gnu.arm.ident)

.ARM.attributes
                0x0000000000000000       0x2c
 *(.ARM.attributes)
 .ARM.attributes
                0x0000000000000000       0x20 c:/devkitpro/devkitarm/bin/../lib/gcc/arm-none-eabi/10.1.0/../../../../arm-none-eabi/lib/thumb/gba_crt0.o
 .ARM.attributes
                0x0000000000000020       0x1c c:/devkitpro/devkitarm/bin/../lib/gcc/arm-none-eabi/10.1.0/thumb/crti.o
 .ARM.attributes
                0x000000000000003c       0x2a c:/devkitpro/devkitarm/bin/../lib/gcc/arm-none-eabi/10.1.0/thumb/crtbegin.o
 .ARM.attributes
                0x0000000000000066       0x2a template.o
 .ARM.attributes
                0x0000000000000090       0x2a C:/devkitPro/libgba/lib\libgba.a(interrupt.o)
 .ARM.attributes
                0x00000000000000ba       0x2a C:/devkitPro/libgba/lib\libgba.a(console.o)
 .ARM.attributes
                0x00000000000000e4       0x1a C:/devkitPro/libgba/lib\libgba.a(InterruptDispatcher.o)
 .ARM.attributes
                0x00000000000000fe       0x14 C:/devkitPro/libgba/lib\libgba.a(amiga.fnt.o)
 .ARM.attributes
                0x0000000000000112       0x2a C:/devkitPro/libgba/lib\libgba.a(CpuSet.o)
 .ARM.attributes
                0x000000000000013c       0x2a c:/devkitpro/devkitarm/bin/../lib/gcc/arm-none-eabi/10.1.0/../../../../arm-none-eabi/lib/thumb\libg.a(lib_a-init.o)
 .ARM.attributes
                0x0000000000000166       0x2a c:/devkitpro/devkitarm/bin/../lib/gcc/arm-none-eabi/10.1.0/../../../../arm-none-eabi/lib/thumb\libg.a(lib_a-puts.o)
 .ARM.attributes
                0x0000000000000190       0x2a c:/devkitpro/devkitarm/bin/../lib/gcc/arm-none-eabi/10.1.0/../../../../arm-none-eabi/lib/thumb\libg.a(lib_a-setvbuf.o)
 .ARM.attributes
                0x00000000000001ba       0x2a c:/devkitpro/devkitarm/bin/../lib/gcc/arm-none-eabi/10.1.0/../../../../arm-none-eabi/lib/thumb\libg.a(lib_a-siscanf.o)
 .ARM.attributes
                0x00000000000001e4       0x2a c:/devkitpro/devkitarm/bin/../lib/gcc/arm-none-eabi/10.1.0/../../../../arm-none-eabi/lib/thumb\libg.a(lib_a-stdio.o)
 .ARM.attributes
                0x000000000000020e       0x2a c:/devkitpro/devkitarm/bin/../lib/gcc/arm-none-eabi/10.1.0/../../../../arm-none-eabi/lib/thumb\libg.a(lib_a-strlen-stub.o)
 .ARM.attributes
                0x0000000000000238       0x2a c:/devkitpro/devkitarm/bin/../lib/gcc/arm-none-eabi/10.1.0/../../../../arm-none-eabi/lib/thumb\libg.a(lib_a-svfiscanf.o)
 .ARM.attributes
                0x0000000000000262       0x2a c:/devkitpro/devkitarm/bin/../lib/gcc/arm-none-eabi/10.1.0/../../../../arm-none-eabi/lib/thumb\libg.a(lib_a-ungetc.o)
 .ARM.attributes
                0x000000000000028c       0x2a c:/devkitpro/devkitarm/bin/../lib/gcc/arm-none-eabi/10.1.0/../../../../arm-none-eabi/lib/thumb\libg.a(lib_a-ctype_.o)
 .ARM.attributes
                0x00000000000002b6       0x2a c:/devkitpro/devkitarm/bin/../lib/gcc/arm-none-eabi/10.1.0/../../../../arm-none-eabi/lib/thumb\libg.a(lib_a-fflush.o)
 .ARM.attributes
                0x00000000000002e0       0x2a c:/devkitpro/devkitarm/bin/../lib/gcc/arm-none-eabi/10.1.0/../../../../arm-none-eabi/lib/thumb\libg.a(lib_a-findfp.o)
 .ARM.attributes
                0x000000000000030a       0x2a c:/devkitpro/devkitarm/bin/../lib/gcc/arm-none-eabi/10.1.0/../../../../arm-none-eabi/lib/thumb\libg.a(lib_a-freer.o)
 .ARM.attributes
                0x0000000000000334       0x2a c:/devkitpro/devkitarm/bin/../lib/gcc/arm-none-eabi/10.1.0/../../../../arm-none-eabi/lib/thumb\libg.a(lib_a-fvwrite.o)
 .ARM.attributes
                0x000000000000035e       0x2a c:/devkitpro/devkitarm/bin/../lib/gcc/arm-none-eabi/10.1.0/../../../../arm-none-eabi/lib/thumb\libg.a(lib_a-fwalk.o)
 .ARM.attributes
                0x0000000000000388       0x30 c:/devkitpro/devkitarm/bin/../lib/gcc/arm-none-eabi/10.1.0/../../../../arm-none-eabi/lib/thumb\libg.a(lib_a-impure.o)
 .ARM.attributes
                0x00000000000003b8       0x2a c:/devkitpro/devkitarm/bin/../lib/gcc/arm-none-eabi/10.1.0/../../../../arm-none-eabi/lib/thumb\libg.a(lib_a-iswspace.o)
 .ARM.attributes
                0x00000000000003e2       0x2a c:/devkitpro/devkitarm/bin/../lib/gcc/arm-none-eabi/10.1.0/../../../../arm-none-eabi/lib/thumb\libg.a(lib_a-locale.o)
 .ARM.attributes
                0x000000000000040c       0x2a c:/devkitpro/devkitarm/bin/../lib/gcc/arm-none-eabi/10.1.0/../../../../arm-none-eabi/lib/thumb\libg.a(lib_a-makebuf.o)
 .ARM.attributes
                0x0000000000000436       0x2a c:/devkitpro/devkitarm/bin/../lib/gcc/arm-none-eabi/10.1.0/../../../../arm-none-eabi/lib/thumb\libg.a(lib_a-malloc.o)
 .ARM.attributes
                0x0000000000000460       0x2a c:/devkitpro/devkitarm/bin/../lib/gcc/arm-none-eabi/10.1.0/../../../../arm-none-eabi/lib/thumb\libg.a(lib_a-mallocr.o)
 .ARM.attributes
                0x000000000000048a       0x2a c:/devkitpro/devkitarm/bin/../lib/gcc/arm-none-eabi/10.1.0/../../../../arm-none-eabi/lib/thumb\libg.a(lib_a-mbrtowc.o)
 .ARM.attributes
                0x00000000000004b4       0x2a c:/devkitpro/devkitarm/bin/../lib/gcc/arm-none-eabi/10.1.0/../../../../arm-none-eabi/lib/thumb\libg.a(lib_a-mbtowc_r.o)
 .ARM.attributes
                0x00000000000004de       0x2a c:/devkitpro/devkitarm/bin/../lib/gcc/arm-none-eabi/10.1.0/../../../../arm-none-eabi/lib/thumb\libg.a(lib_a-memchr-stub.o)
 .ARM.attributes
                0x0000000000000508       0x2a c:/devkitpro/devkitarm/bin/../lib/gcc/arm-none-eabi/10.1.0/../../../../arm-none-eabi/lib/thumb\libg.a(lib_a-memcpy-stub.o)
 .ARM.attributes
                0x0000000000000532       0x2a c:/devkitpro/devkitarm/bin/../lib/gcc/arm-none-eabi/10.1.0/../../../../arm-none-eabi/lib/thumb\libg.a(lib_a-memmove.o)
 .ARM.attributes
                0x000000000000055c       0x2a c:/devkitpro/devkitarm/bin/../lib/gcc/arm-none-eabi/10.1.0/../../../../arm-none-eabi/lib/thumb\libg.a(lib_a-memset.o)
 .ARM.attributes
                0x0000000000000586       0x2a c:/devkitpro/devkitarm/bin/../lib/gcc/arm-none-eabi/10.1.0/../../../../arm-none-eabi/lib/thumb\libg.a(lib_a-mlock.o)
 .ARM.attributes
                0x00000000000005b0       0x2a c:/devkitpro/devkitarm/bin/../lib/gcc/arm-none-eabi/10.1.0/../../../../arm-none-eabi/lib/thumb\libg.a(lib_a-realloc.o)
 .ARM.attributes
                0x00000000000005da       0x2a c:/devkitpro/devkitarm/bin/../lib/gcc/arm-none-eabi/10.1.0/../../../../arm-none-eabi/lib/thumb\libg.a(lib_a-reallocr.o)
 .ARM.attributes
                0x0000000000000604       0x2a c:/devkitpro/devkitarm/bin/../lib/gcc/arm-none-eabi/10.1.0/../../../../arm-none-eabi/lib/thumb\libg.a(lib_a-sccl.o)
 .ARM.attributes
                0x000000000000062e       0x2a c:/devkitpro/devkitarm/bin/../lib/gcc/arm-none-eabi/10.1.0/../../../../arm-none-eabi/lib/thumb\libg.a(lib_a-strcasecmp.o)
 .ARM.attributes
                0x0000000000000658       0x2a c:/devkitpro/devkitarm/bin/../lib/gcc/arm-none-eabi/10.1.0/../../../../arm-none-eabi/lib/thumb\libg.a(lib_a-strcat.o)
 .ARM.attributes
                0x0000000000000682       0x2a c:/devkitpro/devkitarm/bin/../lib/gcc/arm-none-eabi/10.1.0/../../../../arm-none-eabi/lib/thumb\libg.a(lib_a-strchr.o)
 .ARM.attributes
                0x00000000000006ac       0x1a c:/devkitpro/devkitarm/bin/../lib/gcc/arm-none-eabi/10.1.0/../../../../arm-none-eabi/lib/thumb\libg.a(lib_a-strcmp.o)
 .ARM.attributes
                0x00000000000006c6       0x2a c:/devkitpro/devkitarm/bin/../lib/gcc/arm-none-eabi/10.1.0/../../../../arm-none-eabi/lib/thumb\libg.a(lib_a-strcpy.o)
 .ARM.attributes
                0x00000000000006f0       0x2a c:/devkitpro/devkitarm/bin/../lib/gcc/arm-none-eabi/10.1.0/../../../../arm-none-eabi/lib/thumb\libg.a(lib_a-strlcpy.o)
 .ARM.attributes
                0x000000000000071a       0x2a c:/devkitpro/devkitarm/bin/../lib/gcc/arm-none-eabi/10.1.0/../../../../arm-none-eabi/lib/thumb\libg.a(lib_a-strncasecmp.o)
 .ARM.attributes
                0x0000000000000744       0x2a c:/devkitpro/devkitarm/bin/../lib/gcc/arm-none-eabi/10.1.0/../../../../arm-none-eabi/lib/thumb\libg.a(lib_a-strncmp.o)
 .ARM.attributes
                0x000000000000076e       0x2a c:/devkitpro/devkitarm/bin/../lib/gcc/arm-none-eabi/10.1.0/../../../../arm-none-eabi/lib/thumb\libg.a(lib_a-strncpy.o)
 .ARM.attributes
                0x0000000000000798       0x2a c:/devkitpro/devkitarm/bin/../lib/gcc/arm-none-eabi/10.1.0/../../../../arm-none-eabi/lib/thumb\libg.a(lib_a-strtoll.o)
 .ARM.attributes
                0x00000000000007c2       0x2a c:/devkitpro/devkitarm/bin/../lib/gcc/arm-none-eabi/10.1.0/../../../../arm-none-eabi/lib/thumb\libg.a(lib_a-strtol.o)
 .ARM.attributes
                0x00000000000007ec       0x2a c:/devkitpro/devkitarm/bin/../lib/gcc/arm-none-eabi/10.1.0/../../../../arm-none-eabi/lib/thumb\libg.a(lib_a-strtoull.o)
 .ARM.attributes
                0x0000000000000816       0x2a c:/devkitpro/devkitarm/bin/../lib/gcc/arm-none-eabi/10.1.0/../../../../arm-none-eabi/lib/thumb\libg.a(lib_a-strtoul.o)
 .ARM.attributes
                0x0000000000000840       0x2a c:/devkitpro/devkitarm/bin/../lib/gcc/arm-none-eabi/10.1.0/../../../../arm-none-eabi/lib/thumb\libg.a(lib_a-wctomb_r.o)
 .ARM.attributes
                0x000000000000086a       0x2a c:/devkitpro/devkitarm/bin/../lib/gcc/arm-none-eabi/10.1.0/../../../../arm-none-eabi/lib/thumb\libg.a(lib_a-wsetup.o)
 .ARM.attributes
                0x0000000000000894       0x2a c:/devkitpro/devkitarm/bin/../lib/gcc/arm-none-eabi/10.1.0/../../../../arm-none-eabi/lib/thumb\libg.a(lib_a-errno.o)
 .ARM.attributes
                0x00000000000008be       0x2a c:/devkitpro/devkitarm/bin/../lib/gcc/arm-none-eabi/10.1.0/../../../../arm-none-eabi/lib/thumb\libg.a(lib_a-fclose.o)
 .ARM.attributes
                0x00000000000008e8       0x2a c:/devkitpro/devkitarm/bin/../lib/gcc/arm-none-eabi/10.1.0/../../../../arm-none-eabi/lib/thumb\libg.a(lib_a-getenv_r.o)
 .ARM.attributes
                0x0000000000000912       0x2a c:/devkitpro/devkitarm/bin/../lib/gcc/arm-none-eabi/10.1.0/../../../../arm-none-eabi/lib/thumb\libg.a(lib_a-iswspace_l.o)
 .ARM.attributes
                0x000000000000093c       0x2a c:/devkitpro/devkitarm/bin/../lib/gcc/arm-none-eabi/10.1.0/../../../../arm-none-eabi/lib/thumb\libg.a(lib_a-jp2uc.o)
 .ARM.attributes
                0x0000000000000966       0x2a c:/devkitpro/devkitarm/bin/../lib/gcc/arm-none-eabi/10.1.0/../../../../arm-none-eabi/lib/thumb\libg.a(lib_a-categories.o)
 .ARM.attributes
                0x0000000000000990       0x30 c:/devkitpro/devkitarm/bin/../lib/gcc/arm-none-eabi/10.1.0/../../../../arm-none-eabi/lib/thumb\libg.a(lib_a-environ.o)
 .ARM.attributes
                0x00000000000009c0       0x2a c:/devkitpro/devkitarm/bin/../lib/gcc/arm-none-eabi/10.1.0/../../../../arm-none-eabi/lib/thumb\libg.a(lib_a-envlock.o)
 .ARM.attributes
                0x00000000000009ea       0x2a c:/devkitpro/devkitarm/bin/../lib/gcc/arm-none-eabi/10.1.0/../../../../arm-none-eabi/lib/thumb\libsysbase.a(iosupport.o)
 .ARM.attributes
                0x0000000000000a14       0x2a c:/devkitpro/devkitarm/bin/../lib/gcc/arm-none-eabi/10.1.0/../../../../arm-none-eabi/lib/thumb\libsysbase.a(fstat.o)
 .ARM.attributes
                0x0000000000000a3e       0x2a c:/devkitpro/devkitarm/bin/../lib/gcc/arm-none-eabi/10.1.0/../../../../arm-none-eabi/lib/thumb\libsysbase.a(isatty.o)
 .ARM.attributes
                0x0000000000000a68       0x2a c:/devkitpro/devkitarm/bin/../lib/gcc/arm-none-eabi/10.1.0/../../../../arm-none-eabi/lib/thumb\libsysbase.a(lseek.o)
 .ARM.attributes
                0x0000000000000a92       0x2a c:/devkitpro/devkitarm/bin/../lib/gcc/arm-none-eabi/10.1.0/../../../../arm-none-eabi/lib/thumb\libsysbase.a(read.o)
 .ARM.attributes
                0x0000000000000abc       0x2a c:/devkitpro/devkitarm/bin/../lib/gcc/arm-none-eabi/10.1.0/../../../../arm-none-eabi/lib/thumb\libsysbase.a(sbrk.o)
 .ARM.attributes
                0x0000000000000ae6       0x2a c:/devkitpro/devkitarm/bin/../lib/gcc/arm-none-eabi/10.1.0/../../../../arm-none-eabi/lib/thumb\libsysbase.a(write.o)
 .ARM.attributes
                0x0000000000000b10       0x30 c:/devkitpro/devkitarm/bin/../lib/gcc/arm-none-eabi/10.1.0/../../../../arm-none-eabi/lib/thumb\libsysbase.a(malloc_vars.o)
 .ARM.attributes
                0x0000000000000b40       0x2a c:/devkitpro/devkitarm/bin/../lib/gcc/arm-none-eabi/10.1.0/../../../../arm-none-eabi/lib/thumb\libsysbase.a(flock.o)
 .ARM.attributes
                0x0000000000000b6a       0x2a c:/devkitpro/devkitarm/bin/../lib/gcc/arm-none-eabi/10.1.0/../../../../arm-none-eabi/lib/thumb\libsysbase.a(syscall_support.o)
 .ARM.attributes
                0x0000000000000b94       0x2a c:/devkitpro/devkitarm/bin/../lib/gcc/arm-none-eabi/10.1.0/../../../../arm-none-eabi/lib/thumb\libsysbase.a(handle_manager.o)
 .ARM.attributes
                0x0000000000000bbe       0x2a c:/devkitpro/devkitarm/bin/../lib/gcc/arm-none-eabi/10.1.0/../../../../arm-none-eabi/lib/thumb\libsysbase.a(getreent.o)
 .ARM.attributes
                0x0000000000000be8       0x1c c:/devkitpro/devkitarm/bin/../lib/gcc/arm-none-eabi/10.1.0/thumb\libgcc.a(_thumb1_case_uqi.o)
 .ARM.attributes
                0x0000000000000c04       0x1c c:/devkitpro/devkitarm/bin/../lib/gcc/arm-none-eabi/10.1.0/thumb\libgcc.a(_thumb1_case_uhi.o)
 .ARM.attributes
                0x0000000000000c20       0x1c c:/devkitpro/devkitarm/bin/../lib/gcc/arm-none-eabi/10.1.0/thumb\libgcc.a(_udivsi3.o)
 .ARM.attributes
                0x0000000000000c3c       0x1c c:/devkitpro/devkitarm/bin/../lib/gcc/arm-none-eabi/10.1.0/thumb\libgcc.a(_divsi3.o)
 .ARM.attributes
                0x0000000000000c58       0x1c c:/devkitpro/devkitarm/bin/../lib/gcc/arm-none-eabi/10.1.0/thumb\libgcc.a(_dvmd_tls.o)
 .ARM.attributes
                0x0000000000000c74       0x1c c:/devkitpro/devkitarm/bin/../lib/gcc/arm-none-eabi/10.1.0/thumb\libgcc.a(_aeabi_uldivmod.o)
 .ARM.attributes
                0x0000000000000c90       0x2a c:/devkitpro/devkitarm/bin/../lib/gcc/arm-none-eabi/10.1.0/thumb\libgcc.a(_muldi3.o)
 .ARM.attributes
                0x0000000000000cba       0x2a c:/devkitpro/devkitarm/bin/../lib/gcc/arm-none-eabi/10.1.0/thumb\libgcc.a(_udivmoddi4.o)
 .ARM.attributes
                0x0000000000000ce4       0x1c c:/devkitpro/devkitarm/bin/../lib/gcc/arm-none-eabi/10.1.0/thumb\libgcc.a(_clzdi2.o)
 .ARM.attributes
                0x0000000000000d00       0x1c c:/devkitpro/devkitarm/bin/../lib/gcc/arm-none-eabi/10.1.0/thumb\libgcc.a(_clzsi2.o)
 .ARM.attributes
                0x0000000000000d1c       0x30 c:/devkitpro/devkitarm/bin/../lib/gcc/arm-none-eabi/10.1.0/thumb/crtend.o
 .ARM.attributes
                0x0000000000000d4c       0x1c c:/devkitpro/devkitarm/bin/../lib/gcc/arm-none-eabi/10.1.0/thumb/crtn.o

/DISCARD/
 *(.note.GNU-stack)
LOAD c:/devkitpro/devkitarm/bin/../lib/gcc/arm-none-eabi/10.1.0/../../../../arm-none-eabi/lib/thumb/gba_crt0.o
LOAD c:/devkitpro/devkitarm/bin/../lib/gcc/arm-none-eabi/10.1.0/thumb/crti.o
LOAD c:/devkitpro/devkitarm/bin/../lib/gcc/arm-none-eabi/10.1.0/thumb/crtbegin.o
LOAD template.o
LOAD C:/devkitPro/libgba/lib\libmm.a
LOAD C:/devkitPro/libgba/lib\libgba.a
START GROUP
LOAD c:/devkitpro/devkitarm/bin/../lib/gcc/arm-none-eabi/10.1.0/thumb\libgcc.a
LOAD c:/devkitpro/devkitarm/bin/../lib/gcc/arm-none-eabi/10.1.0/../../../../arm-none-eabi/lib/thumb\libg.a
LOAD c:/devkitpro/devkitarm/bin/../lib/gcc/arm-none-eabi/10.1.0/../../../../arm-none-eabi/lib/thumb\libc.a
LOAD c:/devkitpro/devkitarm/bin/../lib/gcc/arm-none-eabi/10.1.0/../../../../arm-none-eabi/lib/thumb\libsysbase.a
END GROUP
LOAD c:/devkitpro/devkitarm/bin/../lib/gcc/arm-none-eabi/10.1.0/thumb/crtend.o
LOAD c:/devkitpro/devkitarm/bin/../lib/gcc/arm-none-eabi/10.1.0/thumb/crtn.o
OUTPUT(C:/PROJETO/template/template.elf elf32-littlearm)

.debug_ranges   0x0000000000000000      0x190
 .debug_ranges  0x0000000000000000       0x10 template.o
 .debug_ranges  0x0000000000000010       0x70 C:/devkitPro/libgba/lib\libgba.a(interrupt.o)
 .debug_ranges  0x0000000000000080      0x100 C:/devkitPro/libgba/lib\libgba.a(console.o)
 .debug_ranges  0x0000000000000180       0x10 C:/devkitPro/libgba/lib\libgba.a(CpuSet.o)
